Copyright 1986-2015 Xilinx, Inc. All Rights Reserved.
------------------------------------------------------------------------------------
| Tool Version : Vivado v.2015.2 (lin64) Build 1266856 Fri Jun 26 16:35:25 MDT 2015
| Date         : Fri Aug 12 11:41:11 2016
| Host         : dev-machine running 64-bit Ubuntu 14.04.4 LTS
| Command      : report_drc
------------------------------------------------------------------------------------

Report DRC

Table of Contents
-----------------
1. REPORT SUMMARY
2. REPORT DETAILS

1. REPORT SUMMARY
-----------------
            Netlist: netlist
          Floorplan: design_1
      Design limits: <entire design considered>
           Ruledeck: default
             Max violations: <unlimited>
             Violations found: 53

2. REPORT DETAILS
-----------------
BUFC-1#1 Warning
Input Buffer Connections  
Input buffer PhyRxErr_IBUF_inst has no loads. An input buffer must drive an internal load.
Related violations: <none>

BUFC-1#2 Warning
Input Buffer Connections  
Input buffer PhyRxd[0]_IBUF_inst has no loads. An input buffer must drive an internal load.
Related violations: <none>

BUFC-1#3 Warning
Input Buffer Connections  
Input buffer PhyRxd[1]_IBUF_inst has no loads. An input buffer must drive an internal load.
Related violations: <none>

BUFC-1#4 Warning
Input Buffer Connections  
Input buffer i_ddr_axi/u_ddr_axi_mig/u_memc_ui_top_axi/mem_intfc0/ddr_phy_top0/u_ddr_mc_phy_wrapper/gen_dqs_iobuf_HR.gen_dqs_iobuf[0].gen_ddr2_or_low_dqs_diff.u_iobuf_dqs/IBUFDS/IBUFDS_S (in i_ddr_axi/u_ddr_axi_mig/u_memc_ui_top_axi/mem_intfc0/ddr_phy_top0/u_ddr_mc_phy_wrapper/gen_dqs_iobuf_HR.gen_dqs_iobuf[0].gen_ddr2_or_low_dqs_diff.u_iobuf_dqs macro) has no loads. An input buffer must drive an internal load.
Related violations: <none>

BUFC-1#5 Warning
Input Buffer Connections  
Input buffer i_ddr_axi/u_ddr_axi_mig/u_memc_ui_top_axi/mem_intfc0/ddr_phy_top0/u_ddr_mc_phy_wrapper/gen_dqs_iobuf_HR.gen_dqs_iobuf[1].gen_ddr2_or_low_dqs_diff.u_iobuf_dqs/IBUFDS/IBUFDS_S (in i_ddr_axi/u_ddr_axi_mig/u_memc_ui_top_axi/mem_intfc0/ddr_phy_top0/u_ddr_mc_phy_wrapper/gen_dqs_iobuf_HR.gen_dqs_iobuf[1].gen_ddr2_or_low_dqs_diff.u_iobuf_dqs macro) has no loads. An input buffer must drive an internal load.
Related violations: <none>

CFGBVS-1#1 Warning
Missing CFGBVS and CONFIG_VOLTAGE Design Properties  
Neither the CFGBVS nor CONFIG_VOLTAGE voltage property is set in the current_design.  Configuration bank voltage select (CFGBVS) must be set to VCCO or GND, and CONFIG_VOLTAGE must be set to the correct configuration voltage, in order to determine the I/O voltage support for the pins in bank 0.  It is suggested to specify these either using the 'Edit Device Properties' function in the GUI or directly in the XDC file using the following syntax:

 set_property CFGBVS value1 [current_design]
 #where value1 is either VCCO or GND

 set_property CONFIG_VOLTAGE value2 [current_design]
 #where value2 is the voltage provided to configuration bank 0

Refer to the device configuration user guide for more information.
Related violations: <none>

DPOP-1#1 Warning
Output pipelining  
DSP v586/ucore/i_cpu/i_vliw/synthetic_op/unsign_st1a0 output P is not pipelined. Pipelining DSP48 output will improve performance. Both multiplier/adder output can be pipelined.
Related violations: <none>

DPOP-1#2 Warning
Output pipelining  
DSP v586/ucore/i_cpu/i_vliw/synthetic_op/unsign_st1a_reg__0 output P is not pipelined. Pipelining DSP48 output will improve performance. Both multiplier/adder output can be pipelined.
Related violations: <none>

DPOP-1#3 Warning
Output pipelining  
DSP v586/ucore/i_cpu/i_vliw/synthetic_op/unsign_st1b0 output P is not pipelined. Pipelining DSP48 output will improve performance. Both multiplier/adder output can be pipelined.
Related violations: <none>

DPOP-1#4 Warning
Output pipelining  
DSP v586/ucore/i_cpu/i_vliw/synthetic_op/unsign_st1b_reg__0 output P is not pipelined. Pipelining DSP48 output will improve performance. Both multiplier/adder output can be pipelined.
Related violations: <none>

PDRC-153#1 Warning
Gated clock check  
Net i_periph/uspi_0/spi_seq_next_reg[1]_i_2_n_0 is a gated clock net sourced by a combinational pin i_periph/uspi_0/spi_seq_next_reg[1]_i_2/O, cell i_periph/uspi_0/spi_seq_next_reg[1]_i_2. This is not good design practice and will likely impact performance. For SLICE registers, for example, use the CE pin to control the loading of data.
Related violations: <none>

PDRC-190#1 Warning
Suboptimally placed synchronized register chain  
The FDRE cell i_ddr_axi/u_ddr_axi_mig/temp_mon_enabled.u_tempmon/device_temp_sync_r5_reg[0] in site SLICE_X43Y138 is part of a synchronized register chain that is suboptimally placed as the load FDRE cell i_ddr_axi/u_ddr_axi_mig/temp_mon_enabled.u_tempmon/device_temp_r_reg[0] is not placed in the same (SLICE) site.
Related violations: <none>

PDRC-190#2 Warning
Suboptimally placed synchronized register chain  
The FDRE cell i_ddr_axi/u_ddr_axi_mig/temp_mon_enabled.u_tempmon/device_temp_sync_r5_reg[10] in site SLICE_X38Y137 is part of a synchronized register chain that is suboptimally placed as the load FDRE cell i_ddr_axi/u_ddr_axi_mig/temp_mon_enabled.u_tempmon/device_temp_r_reg[10] is not placed in the same (SLICE) site.
Related violations: <none>

PDRC-190#3 Warning
Suboptimally placed synchronized register chain  
The FDRE cell i_ddr_axi/u_ddr_axi_mig/temp_mon_enabled.u_tempmon/device_temp_sync_r5_reg[11] in site SLICE_X41Y138 is part of a synchronized register chain that is suboptimally placed as the load FDRE cell i_ddr_axi/u_ddr_axi_mig/temp_mon_enabled.u_tempmon/device_temp_r_reg[11] is not placed in the same (SLICE) site.
Related violations: <none>

PDRC-190#4 Warning
Suboptimally placed synchronized register chain  
The FDRE cell i_ddr_axi/u_ddr_axi_mig/temp_mon_enabled.u_tempmon/device_temp_sync_r5_reg[1] in site SLICE_X41Y135 is part of a synchronized register chain that is suboptimally placed as the load FDRE cell i_ddr_axi/u_ddr_axi_mig/temp_mon_enabled.u_tempmon/device_temp_r_reg[1] is not placed in the same (SLICE) site.
Related violations: <none>

PDRC-190#5 Warning
Suboptimally placed synchronized register chain  
The FDRE cell i_ddr_axi/u_ddr_axi_mig/temp_mon_enabled.u_tempmon/device_temp_sync_r5_reg[2] in site SLICE_X39Y138 is part of a synchronized register chain that is suboptimally placed as the load FDRE cell i_ddr_axi/u_ddr_axi_mig/temp_mon_enabled.u_tempmon/device_temp_r_reg[2] is not placed in the same (SLICE) site.
Related violations: <none>

PDRC-190#6 Warning
Suboptimally placed synchronized register chain  
The FDRE cell i_ddr_axi/u_ddr_axi_mig/temp_mon_enabled.u_tempmon/device_temp_sync_r5_reg[3] in site SLICE_X42Y136 is part of a synchronized register chain that is suboptimally placed as the load FDRE cell i_ddr_axi/u_ddr_axi_mig/temp_mon_enabled.u_tempmon/device_temp_r_reg[3] is not placed in the same (SLICE) site.
Related violations: <none>

PDRC-190#7 Warning
Suboptimally placed synchronized register chain  
The FDRE cell i_ddr_axi/u_ddr_axi_mig/temp_mon_enabled.u_tempmon/device_temp_sync_r5_reg[4] in site SLICE_X44Y137 is part of a synchronized register chain that is suboptimally placed as the load FDRE cell i_ddr_axi/u_ddr_axi_mig/temp_mon_enabled.u_tempmon/device_temp_r_reg[4] is not placed in the same (SLICE) site.
Related violations: <none>

PDRC-190#8 Warning
Suboptimally placed synchronized register chain  
The FDRE cell i_ddr_axi/u_ddr_axi_mig/temp_mon_enabled.u_tempmon/device_temp_sync_r5_reg[5] in site SLICE_X42Y138 is part of a synchronized register chain that is suboptimally placed as the load FDRE cell i_ddr_axi/u_ddr_axi_mig/temp_mon_enabled.u_tempmon/device_temp_r_reg[5] is not placed in the same (SLICE) site.
Related violations: <none>

PDRC-190#9 Warning
Suboptimally placed synchronized register chain  
The FDRE cell i_ddr_axi/u_ddr_axi_mig/temp_mon_enabled.u_tempmon/device_temp_sync_r5_reg[6] in site SLICE_X43Y136 is part of a synchronized register chain that is suboptimally placed as the load FDRE cell i_ddr_axi/u_ddr_axi_mig/temp_mon_enabled.u_tempmon/device_temp_r_reg[6] is not placed in the same (SLICE) site.
Related violations: <none>

PDRC-190#10 Warning
Suboptimally placed synchronized register chain  
The FDRE cell i_ddr_axi/u_ddr_axi_mig/temp_mon_enabled.u_tempmon/device_temp_sync_r5_reg[7] in site SLICE_X40Y136 is part of a synchronized register chain that is suboptimally placed as the load FDRE cell i_ddr_axi/u_ddr_axi_mig/temp_mon_enabled.u_tempmon/device_temp_r_reg[7] is not placed in the same (SLICE) site.
Related violations: <none>

PDRC-190#11 Warning
Suboptimally placed synchronized register chain  
The FDRE cell i_ddr_axi/u_ddr_axi_mig/temp_mon_enabled.u_tempmon/device_temp_sync_r5_reg[8] in site SLICE_X39Y136 is part of a synchronized register chain that is suboptimally placed as the load FDRE cell i_ddr_axi/u_ddr_axi_mig/temp_mon_enabled.u_tempmon/device_temp_r_reg[8] is not placed in the same (SLICE) site.
Related violations: <none>

PDRC-190#12 Warning
Suboptimally placed synchronized register chain  
The FDRE cell i_ddr_axi/u_ddr_axi_mig/temp_mon_enabled.u_tempmon/device_temp_sync_r5_reg[9] in site SLICE_X40Y138 is part of a synchronized register chain that is suboptimally placed as the load FDRE cell i_ddr_axi/u_ddr_axi_mig/temp_mon_enabled.u_tempmon/device_temp_r_reg[9] is not placed in the same (SLICE) site.
Related violations: <none>

PLIO-6#1 Warning
Placement Constraints Check for IO constraints  
Invalid constraint on register i_etherlite/U0/IOFFS_GEN2.DVD_FF. It has the property IOB=TRUE, but it is not driving or driven by any IO element.
Related violations: <none>

PLIO-6#2 Warning
Placement Constraints Check for IO constraints  
Invalid constraint on register i_etherlite/U0/IOFFS_GEN2.RER_FF. It has the property IOB=TRUE, but it is not driving or driven by any IO element.
Related violations: <none>

PLIO-6#3 Warning
Placement Constraints Check for IO constraints  
Invalid constraint on register i_etherlite/U0/IOFFS_GEN[0].RX_FF_I. It has the property IOB=TRUE, but it is not driving or driven by any IO element.
Related violations: <none>

PLIO-6#4 Warning
Placement Constraints Check for IO constraints  
Invalid constraint on register i_etherlite/U0/IOFFS_GEN[1].RX_FF_I. It has the property IOB=TRUE, but it is not driving or driven by any IO element.
Related violations: <none>

PLIO-6#5 Warning
Placement Constraints Check for IO constraints  
Invalid constraint on register i_etherlite/U0/IOFFS_GEN[2].RX_FF_I. It has the property IOB=TRUE, but it is not driving or driven by any IO element.
Related violations: <none>

PLIO-6#6 Warning
Placement Constraints Check for IO constraints  
Invalid constraint on register i_etherlite/U0/IOFFS_GEN[3].RX_FF_I. It has the property IOB=TRUE, but it is not driving or driven by any IO element.
Related violations: <none>

REQP-1617#1 Warning
use_IOB_register  
The FDRE cell i_etherlite/U0/IOFFS_GEN2.DVD_FF has IOB set to TRUE, but does not connect directly to an IO cell. Remove the constraint or ensure the FDRE is property connected to an IO.
Related violations: <none>

REQP-1617#2 Warning
use_IOB_register  
The FDRE cell i_etherlite/U0/IOFFS_GEN2.RER_FF has IOB set to TRUE, but does not connect directly to an IO cell. Remove the constraint or ensure the FDRE is property connected to an IO.
Related violations: <none>

REQP-1617#3 Warning
use_IOB_register  
The FDRE cell i_etherlite/U0/IOFFS_GEN[0].RX_FF_I has IOB set to TRUE, but does not connect directly to an IO cell. Remove the constraint or ensure the FDRE is property connected to an IO.
Related violations: <none>

REQP-1617#4 Warning
use_IOB_register  
The FDRE cell i_etherlite/U0/IOFFS_GEN[1].RX_FF_I has IOB set to TRUE, but does not connect directly to an IO cell. Remove the constraint or ensure the FDRE is property connected to an IO.
Related violations: <none>

REQP-1617#5 Warning
use_IOB_register  
The FDRE cell i_etherlite/U0/IOFFS_GEN[2].RX_FF_I has IOB set to TRUE, but does not connect directly to an IO cell. Remove the constraint or ensure the FDRE is property connected to an IO.
Related violations: <none>

REQP-1617#6 Warning
use_IOB_register  
The FDRE cell i_etherlite/U0/IOFFS_GEN[3].RX_FF_I has IOB set to TRUE, but does not connect directly to an IO cell. Remove the constraint or ensure the FDRE is property connected to an IO.
Related violations: <none>

REQP-1709#1 Warning
Clock output buffering  
PLLE2_ADV connectivity violation. The signal i_ddr_axi/u_ddr_axi_mig/u_ddr2_infrastructure/pll_clk3_out on the i_ddr_axi/u_ddr_axi_mig/u_ddr2_infrastructure/plle2_i/CLKOUT3 pin of i_ddr_axi/u_ddr_axi_mig/u_ddr2_infrastructure/plle2_i does not drive the same kind of BUFFER load as the other CLKOUT pins. Routing from the different buffer types will not be phase aligned.
Related violations: <none>

REQP-1839#1 Warning
RAMB36 async control check  
The RAMB36E1 v586/ubiu/datacache1/Mem_reg_0 has an input control pin v586/ubiu/datacache1/Mem_reg_0/ADDRARDADDR[10] (net: v586/ubiu/datacache1/Q[8]) which is driven by a register (v586/ubiu/Ac_reg[8]) that has an active asychronous set or reset. This may cause corruption of the memory contents and/or read values when the set/reset is asserted and is not analyzed by the default static timing analysis. It is suggested to eliminate the use of a set/reset to registers driving this RAMB pin or else use a synchronous reset in which the assertion of the reset is timed by default.
Related violations: <none>

REQP-1839#2 Warning
RAMB36 async control check  
The RAMB36E1 v586/ubiu/datacache1/Mem_reg_0 has an input control pin v586/ubiu/datacache1/Mem_reg_0/ADDRARDADDR[11] (net: v586/ubiu/datacache1/Q[9]) which is driven by a register (v586/ubiu/Ac_reg[9]) that has an active asychronous set or reset. This may cause corruption of the memory contents and/or read values when the set/reset is asserted and is not analyzed by the default static timing analysis. It is suggested to eliminate the use of a set/reset to registers driving this RAMB pin or else use a synchronous reset in which the assertion of the reset is timed by default.
Related violations: <none>

REQP-1839#3 Warning
RAMB36 async control check  
The RAMB36E1 v586/ubiu/datacache1/Mem_reg_0 has an input control pin v586/ubiu/datacache1/Mem_reg_0/ADDRARDADDR[4] (net: v586/ubiu/datacache1/Q[2]) which is driven by a register (v586/ubiu/Ac_reg[2]) that has an active asychronous set or reset. This may cause corruption of the memory contents and/or read values when the set/reset is asserted and is not analyzed by the default static timing analysis. It is suggested to eliminate the use of a set/reset to registers driving this RAMB pin or else use a synchronous reset in which the assertion of the reset is timed by default.
Related violations: <none>

REQP-1839#4 Warning
RAMB36 async control check  
The RAMB36E1 v586/ubiu/datacache1/Mem_reg_0 has an input control pin v586/ubiu/datacache1/Mem_reg_0/ADDRARDADDR[5] (net: v586/ubiu/datacache1/Q[3]) which is driven by a register (v586/ubiu/Ac_reg[3]) that has an active asychronous set or reset. This may cause corruption of the memory contents and/or read values when the set/reset is asserted and is not analyzed by the default static timing analysis. It is suggested to eliminate the use of a set/reset to registers driving this RAMB pin or else use a synchronous reset in which the assertion of the reset is timed by default.
Related violations: <none>

REQP-1839#5 Warning
RAMB36 async control check  
The RAMB36E1 v586/ubiu/datacache1/Mem_reg_0 has an input control pin v586/ubiu/datacache1/Mem_reg_0/ADDRARDADDR[6] (net: v586/ubiu/datacache1/Q[4]) which is driven by a register (v586/ubiu/Ac_reg[4]) that has an active asychronous set or reset. This may cause corruption of the memory contents and/or read values when the set/reset is asserted and is not analyzed by the default static timing analysis. It is suggested to eliminate the use of a set/reset to registers driving this RAMB pin or else use a synchronous reset in which the assertion of the reset is timed by default.
Related violations: <none>

REQP-1839#6 Warning
RAMB36 async control check  
The RAMB36E1 v586/ubiu/datacache1/Mem_reg_0 has an input control pin v586/ubiu/datacache1/Mem_reg_0/ADDRARDADDR[7] (net: v586/ubiu/datacache1/Q[5]) which is driven by a register (v586/ubiu/Ac_reg[5]) that has an active asychronous set or reset. This may cause corruption of the memory contents and/or read values when the set/reset is asserted and is not analyzed by the default static timing analysis. It is suggested to eliminate the use of a set/reset to registers driving this RAMB pin or else use a synchronous reset in which the assertion of the reset is timed by default.
Related violations: <none>

REQP-1839#7 Warning
RAMB36 async control check  
The RAMB36E1 v586/ubiu/datacache1/Mem_reg_0 has an input control pin v586/ubiu/datacache1/Mem_reg_0/ADDRARDADDR[8] (net: v586/ubiu/datacache1/Q[6]) which is driven by a register (v586/ubiu/Ac_reg[6]) that has an active asychronous set or reset. This may cause corruption of the memory contents and/or read values when the set/reset is asserted and is not analyzed by the default static timing analysis. It is suggested to eliminate the use of a set/reset to registers driving this RAMB pin or else use a synchronous reset in which the assertion of the reset is timed by default.
Related violations: <none>

REQP-1839#8 Warning
RAMB36 async control check  
The RAMB36E1 v586/ubiu/datacache1/Mem_reg_0 has an input control pin v586/ubiu/datacache1/Mem_reg_0/ADDRARDADDR[9] (net: v586/ubiu/datacache1/Q[7]) which is driven by a register (v586/ubiu/Ac_reg[7]) that has an active asychronous set or reset. This may cause corruption of the memory contents and/or read values when the set/reset is asserted and is not analyzed by the default static timing analysis. It is suggested to eliminate the use of a set/reset to registers driving this RAMB pin or else use a synchronous reset in which the assertion of the reset is timed by default.
Related violations: <none>

REQP-1839#9 Warning
RAMB36 async control check  
The RAMB36E1 v586/ubiu/datacache1/Mem_reg_1 has an input control pin v586/ubiu/datacache1/Mem_reg_1/ADDRARDADDR[10] (net: v586/ubiu/datacache1/Q[8]) which is driven by a register (v586/ubiu/Ac_reg[8]) that has an active asychronous set or reset. This may cause corruption of the memory contents and/or read values when the set/reset is asserted and is not analyzed by the default static timing analysis. It is suggested to eliminate the use of a set/reset to registers driving this RAMB pin or else use a synchronous reset in which the assertion of the reset is timed by default.
Related violations: <none>

REQP-1839#10 Warning
RAMB36 async control check  
The RAMB36E1 v586/ubiu/datacache1/Mem_reg_1 has an input control pin v586/ubiu/datacache1/Mem_reg_1/ADDRARDADDR[11] (net: v586/ubiu/datacache1/Q[9]) which is driven by a register (v586/ubiu/Ac_reg[9]) that has an active asychronous set or reset. This may cause corruption of the memory contents and/or read values when the set/reset is asserted and is not analyzed by the default static timing analysis. It is suggested to eliminate the use of a set/reset to registers driving this RAMB pin or else use a synchronous reset in which the assertion of the reset is timed by default.
Related violations: <none>

REQP-1839#11 Warning
RAMB36 async control check  
The RAMB36E1 v586/ubiu/datacache1/Mem_reg_1 has an input control pin v586/ubiu/datacache1/Mem_reg_1/ADDRARDADDR[4] (net: v586/ubiu/datacache1/Q[2]) which is driven by a register (v586/ubiu/Ac_reg[2]) that has an active asychronous set or reset. This may cause corruption of the memory contents and/or read values when the set/reset is asserted and is not analyzed by the default static timing analysis. It is suggested to eliminate the use of a set/reset to registers driving this RAMB pin or else use a synchronous reset in which the assertion of the reset is timed by default.
Related violations: <none>

REQP-1839#12 Warning
RAMB36 async control check  
The RAMB36E1 v586/ubiu/datacache1/Mem_reg_1 has an input control pin v586/ubiu/datacache1/Mem_reg_1/ADDRARDADDR[5] (net: v586/ubiu/datacache1/Q[3]) which is driven by a register (v586/ubiu/Ac_reg[3]) that has an active asychronous set or reset. This may cause corruption of the memory contents and/or read values when the set/reset is asserted and is not analyzed by the default static timing analysis. It is suggested to eliminate the use of a set/reset to registers driving this RAMB pin or else use a synchronous reset in which the assertion of the reset is timed by default.
Related violations: <none>

REQP-1839#13 Warning
RAMB36 async control check  
The RAMB36E1 v586/ubiu/datacache1/Mem_reg_1 has an input control pin v586/ubiu/datacache1/Mem_reg_1/ADDRARDADDR[6] (net: v586/ubiu/datacache1/Q[4]) which is driven by a register (v586/ubiu/Ac_reg[4]) that has an active asychronous set or reset. This may cause corruption of the memory contents and/or read values when the set/reset is asserted and is not analyzed by the default static timing analysis. It is suggested to eliminate the use of a set/reset to registers driving this RAMB pin or else use a synchronous reset in which the assertion of the reset is timed by default.
Related violations: <none>

REQP-1839#14 Warning
RAMB36 async control check  
The RAMB36E1 v586/ubiu/datacache1/Mem_reg_1 has an input control pin v586/ubiu/datacache1/Mem_reg_1/ADDRARDADDR[7] (net: v586/ubiu/datacache1/Q[5]) which is driven by a register (v586/ubiu/Ac_reg[5]) that has an active asychronous set or reset. This may cause corruption of the memory contents and/or read values when the set/reset is asserted and is not analyzed by the default static timing analysis. It is suggested to eliminate the use of a set/reset to registers driving this RAMB pin or else use a synchronous reset in which the assertion of the reset is timed by default.
Related violations: <none>

REQP-1839#15 Warning
RAMB36 async control check  
The RAMB36E1 v586/ubiu/datacache1/Mem_reg_1 has an input control pin v586/ubiu/datacache1/Mem_reg_1/ADDRARDADDR[8] (net: v586/ubiu/datacache1/Q[6]) which is driven by a register (v586/ubiu/Ac_reg[6]) that has an active asychronous set or reset. This may cause corruption of the memory contents and/or read values when the set/reset is asserted and is not analyzed by the default static timing analysis. It is suggested to eliminate the use of a set/reset to registers driving this RAMB pin or else use a synchronous reset in which the assertion of the reset is timed by default.
Related violations: <none>

REQP-1839#16 Warning
RAMB36 async control check  
The RAMB36E1 v586/ubiu/datacache1/Mem_reg_1 has an input control pin v586/ubiu/datacache1/Mem_reg_1/ADDRARDADDR[9] (net: v586/ubiu/datacache1/Q[7]) which is driven by a register (v586/ubiu/Ac_reg[7]) that has an active asychronous set or reset. This may cause corruption of the memory contents and/or read values when the set/reset is asserted and is not analyzed by the default static timing analysis. It is suggested to eliminate the use of a set/reset to registers driving this RAMB pin or else use a synchronous reset in which the assertion of the reset is timed by default.
Related violations: <none>

RTSTAT-10#1 Warning
No routable loads  
3 net(s) have no routable loads. The problem bus(es) and/or net(s) are PhyRxErr_IBUF, PhyRxd[0]_IBUF, PhyRxd[1]_IBUF.
Related violations: <none>


