Copyright 1986-2015 Xilinx, Inc. All Rights Reserved.
---------------------------------------------------------------------------------------------------------
| Tool Version : Vivado v.2015.2 (lin64) Build 1266856 Fri Jun 26 16:35:25 MDT 2015
| Date         : Fri Aug 12 11:30:23 2016
| Host         : dev-machine running 64-bit Ubuntu 14.04.4 LTS
| Command      : report_utilization -file TOP_SYS_utilization_synth.rpt -pb TOP_SYS_utilization_synth.pb
| Design       : TOP_SYS
| Device       : xc7a100t
| Design State : Synthesized
---------------------------------------------------------------------------------------------------------

Utilization Design Information

Table of Contents
-----------------
1. Slice Logic
1.1 Summary of Registers by Type
2. Memory
3. DSP
4. IO and GT Specific
5. Clocking
6. Specific Feature
7. Primitives
8. Black Boxes
9. Instantiated Netlists

1. Slice Logic
--------------

+-------------------------+-------+-------+-----------+-------+
|        Site Type        |  Used | Fixed | Available | Util% |
+-------------------------+-------+-------+-----------+-------+
| Slice LUTs*             | 31605 |     0 |     63400 | 49.85 |
|   LUT as Logic          | 31605 |     0 |     63400 | 49.85 |
|   LUT as Memory         |     0 |     0 |     19000 |  0.00 |
| Slice Registers         |  9219 |     0 |    126800 |  7.27 |
|   Register as Flip Flop |  9217 |     0 |    126800 |  7.27 |
|   Register as Latch     |     2 |     0 |    126800 | <0.01 |
| F7 Muxes                |  1031 |     0 |     31700 |  3.25 |
| F8 Muxes                |   346 |     0 |     15850 |  2.18 |
+-------------------------+-------+-------+-----------+-------+
* Warning! The Final LUT count, after physical optimizations and full implementation, is typically lower. Run opt_design after synthesis, if not already completed, for a more realistic count.


1.1 Summary of Registers by Type
--------------------------------

+-------+--------------+-------------+--------------+
| Total | Clock Enable | Synchronous | Asynchronous |
+-------+--------------+-------------+--------------+
| 0     |            _ |           - |            - |
| 0     |            _ |           - |          Set |
| 0     |            _ |           - |        Reset |
| 0     |            _ |         Set |            - |
| 0     |            _ |       Reset |            - |
| 0     |          Yes |           - |            - |
| 876   |          Yes |           - |          Set |
| 6400  |          Yes |           - |        Reset |
| 0     |          Yes |         Set |            - |
| 1943  |          Yes |       Reset |            - |
+-------+--------------+-------------+--------------+


2. Memory
---------

+-------------------+------+-------+-----------+-------+
|     Site Type     | Used | Fixed | Available | Util% |
+-------------------+------+-------+-----------+-------+
| Block RAM Tile    |   11 |     0 |       135 |  8.15 |
|   RAMB36/FIFO*    |    2 |     0 |       135 |  1.48 |
|     RAMB36E1 only |    2 |       |           |       |
|   RAMB18          |   18 |     0 |       270 |  6.67 |
|     RAMB18E1 only |   18 |       |           |       |
+-------------------+------+-------+-----------+-------+
* Note: Each Block RAM Tile only has one FIFO logic available and therefore can accommodate only one FIFO36E1 or one FIFO18E1. However, if a FIFO18E1 occupies a Block RAM Tile, that tile can still accommodate a RAMB18E1


3. DSP
------

+----------------+------+-------+-----------+-------+
|    Site Type   | Used | Fixed | Available | Util% |
+----------------+------+-------+-----------+-------+
| DSPs           |    4 |     0 |       240 |  1.67 |
|   DSP48E1 only |    4 |       |           |       |
+----------------+------+-------+-----------+-------+


4. IO and GT Specific
---------------------

+-----------------------------+------+-------+-----------+-------+
|          Site Type          | Used | Fixed | Available | Util% |
+-----------------------------+------+-------+-----------+-------+
| Bonded IOB                  |   45 |     0 |       210 | 21.43 |
| Bonded IPADs                |    0 |     0 |         2 |  0.00 |
| PHY_CONTROL                 |    0 |     0 |         6 |  0.00 |
| PHASER_REF                  |    0 |     0 |         6 |  0.00 |
| OUT_FIFO                    |    0 |     0 |        24 |  0.00 |
| IN_FIFO                     |    0 |     0 |        24 |  0.00 |
| IDELAYCTRL                  |    0 |     0 |         6 |  0.00 |
| IBUFGDS                     |    0 |     0 |       202 |  0.00 |
| PHASER_OUT/PHASER_OUT_PHY   |    0 |     0 |        24 |  0.00 |
| PHASER_IN/PHASER_IN_PHY     |    0 |     0 |        24 |  0.00 |
| IDELAYE2/IDELAYE2_FINEDELAY |    0 |     0 |       300 |  0.00 |
| IBUFDS_GTE2                 |    0 |     0 |         4 |  0.00 |
| ILOGIC                      |    0 |     0 |       210 |  0.00 |
| OLOGIC                      |    0 |     0 |       210 |  0.00 |
+-----------------------------+------+-------+-----------+-------+


5. Clocking
-----------

+------------+------+-------+-----------+-------+
|  Site Type | Used | Fixed | Available | Util% |
+------------+------+-------+-----------+-------+
| BUFGCTRL   |    4 |     0 |        32 | 12.50 |
| BUFIO      |    0 |     0 |        24 |  0.00 |
| MMCME2_ADV |    1 |     0 |         6 | 16.67 |
| PLLE2_ADV  |    0 |     0 |         6 |  0.00 |
| BUFMRCE    |    0 |     0 |        12 |  0.00 |
| BUFHCE     |    0 |     0 |        96 |  0.00 |
| BUFR       |    0 |     0 |        24 |  0.00 |
+------------+------+-------+-----------+-------+


6. Specific Feature
-------------------

+-------------+------+-------+-----------+--------+
|  Site Type  | Used | Fixed | Available |  Util% |
+-------------+------+-------+-----------+--------+
| BSCANE2     |    0 |     0 |         4 |   0.00 |
| CAPTUREE2   |    0 |     0 |         1 |   0.00 |
| DNA_PORT    |    0 |     0 |         1 |   0.00 |
| EFUSE_USR   |    0 |     0 |         1 |   0.00 |
| FRAME_ECCE2 |    0 |     0 |         1 |   0.00 |
| ICAPE2      |    0 |     0 |         2 |   0.00 |
| PCIE_2_1    |    0 |     0 |         1 |   0.00 |
| STARTUPE2   |    1 |     0 |         1 | 100.00 |
| XADC        |    0 |     0 |         1 |   0.00 |
+-------------+------+-------+-----------+--------+


7. Primitives
-------------

+------------+-------+---------------------+
|  Ref Name  |  Used | Functional Category |
+------------+-------+---------------------+
| LUT6       | 15857 |                 LUT |
| FDCE       |  6398 |        Flop & Latch |
| LUT5       |  6181 |                 LUT |
| LUT4       |  3991 |                 LUT |
| LUT2       |  2443 |                 LUT |
| LUT3       |  2371 |                 LUT |
| FDRE       |  1943 |        Flop & Latch |
| MUXF7      |  1031 |               MuxFx |
| FDPE       |   876 |        Flop & Latch |
| LUT1       |   857 |                 LUT |
| CARRY4     |   628 |          CarryLogic |
| MUXF8      |   346 |               MuxFx |
| IBUF       |    24 |                  IO |
| OBUFT      |    21 |                  IO |
| RAMB18E1   |    18 |        Block Memory |
| OBUF       |    17 |                  IO |
| DSP48E1    |     4 |    Block Arithmetic |
| BUFG       |     4 |               Clock |
| RAMB36E1   |     2 |        Block Memory |
| LDCE       |     2 |        Flop & Latch |
| STARTUPE2  |     1 |              Others |
| MMCME2_ADV |     1 |               Clock |
+------------+-------+---------------------+


8. Black Boxes
--------------

+--------------------+------+
|      Ref Name      | Used |
+--------------------+------+
| ddr_axi            |    1 |
| axi_ethernetlite_0 |    1 |
| axi_crossbar_0     |    1 |
+--------------------+------+


9. Instantiated Netlists
------------------------

+----------+------+
| Ref Name | Used |
+----------+------+


