#
# An unexpected error has occurred (11)
#
Stack:
/opt/Xilinx/Vivado/2016.1/tps/lnx64/jre/lib/amd64/server/libjvm.so(+0x91ab39) [0x7fabae9cab39]
/opt/Xilinx/Vivado/2016.1/tps/lnx64/jre/lib/amd64/server/libjvm.so(JVM_handle_linux_signal+0xb6) [0x7fabae9d0f26]
/opt/Xilinx/Vivado/2016.1/tps/lnx64/jre/lib/amd64/server/libjvm.so(+0x917753) [0x7fabae9c7753]
/lib/x86_64-linux-gnu/libc.so.6(+0x36d40) [0x7fabe1234d40]
/lib/x86_64-linux-gnu/libc.so.6(strlen+0x2a) [0x7fabe1286aea]
/opt/Xilinx/Vivado/2016.1/lib/lnx64.o/librdi_xicom_hw.so(XHWServer::launchLocalHwServer(int, std::string&, std::string&)+0x61) [0x7fabb1f807d1]
/opt/Xilinx/Vivado/2016.1/lib/lnx64.o/librdi_labtools.so(LTDHWServer::connect(HSTVector<std::string, std::allocator<std::string> >&, HDGUIStatus*)+0x6eb) [0x7fabb5aa120b]
/opt/Xilinx/Vivado/2016.1/lib/lnx64.o/librdi_labtoolstasks.so(+0x43ed30) [0x7fab940a3d30]
/opt/Xilinx/Vivado/2016.1/lib/lnx64.o/librdi_common.so(+0x5b7667) [0x7fabe229d667]
/opt/Xilinx/Vivado/2016.1/lib/lnx64.o/libtcl8.5.so(+0x331f5) [0x7fabdd2fa1f5]
/opt/Xilinx/Vivado/2016.1/lib/lnx64.o/libtcl8.5.so(+0x76bbe) [0x7fabdd33dbbe]
/opt/Xilinx/Vivado/2016.1/lib/lnx64.o/libtcl8.5.so(+0x7e767) [0x7fabdd345767]
/opt/Xilinx/Vivado/2016.1/lib/lnx64.o/libtcl8.5.so(TclEvalObjEx+0x77) [0x7fabdd2fc327]
/opt/Xilinx/Vivado/2016.1/lib/lnx64.o/librdi_common.so(+0x5b6d7c) [0x7fabe229cd7c]
/opt/Xilinx/Vivado/2016.1/lib/lnx64.o/libtcl8.5.so(Tcl_ServiceEvent+0x87) [0x7fabdd36eb37]
/opt/Xilinx/Vivado/2016.1/lib/lnx64.o/libtcl8.5.so(Tcl_DoOneEvent+0x129) [0x7fabdd36ee69]
/opt/Xilinx/Vivado/2016.1/lib/lnx64.o/librdi_commontasks.so(+0x2dc525) [0x7fabd8f5a525]
/opt/Xilinx/Vivado/2016.1/lib/lnx64.o/librdi_commontasks.so(+0x2e3d0b) [0x7fabd8f61d0b]
/opt/Xilinx/Vivado/2016.1/lib/lnx64.o/librdi_commontasks.so(+0x2dc7c3) [0x7fabd8f5a7c3]
/opt/Xilinx/Vivado/2016.1/lib/lnx64.o/librdi_common.so(+0x5b7667) [0x7fabe229d667]
/opt/Xilinx/Vivado/2016.1/lib/lnx64.o/libtcl8.5.so(+0x331f5) [0x7fabdd2fa1f5]
/opt/Xilinx/Vivado/2016.1/lib/lnx64.o/libtcl8.5.so(+0x76bbe) [0x7fabdd33dbbe]
/opt/Xilinx/Vivado/2016.1/lib/lnx64.o/libtcl8.5.so(+0x7e767) [0x7fabdd345767]
/opt/Xilinx/Vivado/2016.1/lib/lnx64.o/libtcl8.5.so(TclEvalObjEx+0x77) [0x7fabdd2fc327]
/opt/Xilinx/Vivado/2016.1/lib/lnx64.o/librdi_commonmain.so(+0x6330) [0x7fabe1ae1330]
/opt/Xilinx/Vivado/2016.1/lib/lnx64.o/libtcl8.5.so(Tcl_Main+0x1d5) [0x7fabdd367175]
/opt/Xilinx/Vivado/2016.1/lib/lnx64.o/librdi_common.so(+0x5f0369) [0x7fabe22d6369]
/lib/x86_64-linux-gnu/libpthread.so.0(+0x8182) [0x7fabe0ce2182]
/lib/x86_64-linux-gnu/libc.so.6(clone+0x6d) [0x7fabe12f847d]
