Vivado Simulator 2015.2
Copyright 1986-1999, 2001-2015 Xilinx, Inc. All Rights Reserved.
Running: /opt/Xilinx/Vivado/2015.2/bin/unwrapped/lnx64.o/xelab -wto 4acfdb88bad74a6dadb198e33b085589 --debug typical --relax --mt 8 --include ../../../../../../svn4/trunk/xci/crossbar_128m/axi_infrastructure_v1_1/hdl/verilog -L xil_defaultlib -L axi_lite_ipif_v3_0 -L lib_cdc_v1_0 -L blk_mem_gen_v8_2 -L lib_bmg_v1_0 -L fifo_generator_v12_0 -L lib_fifo_v1_0 -L axi_ethernetlite_v3_0 -L generic_baseblocks_v2_1 -L axi_infrastructure_v1_1 -L axi_register_slice_v2_1 -L axi_data_fifo_v2_1 -L axi_crossbar_v2_1 -L unisims_ver -L unimacro_ver -L secureip --snapshot tb_top_behav xil_defaultlib.tb_top xil_defaultlib.glbl -log elaborate.log 
Using 8 slave threads.
Starting static elaboration
WARNING: [VRFC 10-278] actual bit length 4 differs from formal bit length 8 for port m01_AXI_ARLEN [/home/leo/cpu/vault.memo/v10.8ddr/TOP_SYS.v:244]
WARNING: [VRFC 10-278] actual bit length 32 differs from formal bit length 1 for port app_sr_req [/home/leo/cpu/vault.memo/v10.8ddr/TOP_SYS.v:280]
WARNING: [VRFC 10-278] actual bit length 32 differs from formal bit length 1 for port app_ref_req [/home/leo/cpu/vault.memo/v10.8ddr/TOP_SYS.v:281]
WARNING: [VRFC 10-278] actual bit length 32 differs from formal bit length 1 for port app_zq_req [/home/leo/cpu/vault.memo/v10.8ddr/TOP_SYS.v:282]
WARNING: [VRFC 10-278] actual bit length 32 differs from formal bit length 1 for port phyGo [/home/leo/cpu/vault.memo/v10.8ddr/v10.8ddr/v10.8ddr.srcs/sources_1/ip/ddr_axi/ddr_axi/user_design/rtl/phy/mig_7series_v2_3_ddr_mc_phy_wrapper.v:1599]
WARNING: [VRFC 10-278] actual bit length 32 differs from formal bit length 4 for port calib_zero_lanes [/home/leo/cpu/vault.memo/v10.8ddr/v10.8ddr/v10.8ddr.srcs/sources_1/ip/ddr_axi/ddr_axi/user_design/rtl/phy/mig_7series_v2_3_ddr_mc_phy_wrapper.v:1641]
WARNING: [VRFC 10-278] actual bit length 12 differs from formal bit length 4 for port pi_dqs_found_lanes [/home/leo/cpu/vault.memo/v10.8ddr/v10.8ddr/v10.8ddr.srcs/sources_1/ip/ddr_axi/ddr_axi/user_design/rtl/phy/mig_7series_v2_3_ddr_mc_phy_wrapper.v:1666]
WARNING: [VRFC 10-278] actual bit length 12 differs from formal bit length 4 for port pi_phase_locked_lanes [/home/leo/cpu/vault.memo/v10.8ddr/v10.8ddr/v10.8ddr.srcs/sources_1/ip/ddr_axi/ddr_axi/user_design/rtl/phy/mig_7series_v2_3_ddr_mc_phy_wrapper.v:1674]
WARNING: [VRFC 10-278] actual bit length 12 differs from formal bit length 4 for port pi_dqs_found_lanes [/home/leo/cpu/vault.memo/v10.8ddr/v10.8ddr/v10.8ddr.srcs/sources_1/ip/ddr_axi/ddr_axi/user_design/rtl/phy/mig_7series_v2_3_ddr_phy_top.v:1215]
WARNING: [VRFC 10-278] actual bit length 2 differs from formal bit length 1 for port fine_adjust_lane_cnt [/home/leo/cpu/vault.memo/v10.8ddr/v10.8ddr/v10.8ddr.srcs/sources_1/ip/ddr_axi/ddr_axi/user_design/rtl/phy/mig_7series_v2_3_ddr_calib_top.v:1807]
WARNING: [VRFC 10-278] actual bit length 32 differs from formal bit length 6 for port m_axi_bresp [/home/leo/cpu/vault.memo/v10.8ddr/TOP_SYS.v:433]
WARNING: [VRFC 10-278] actual bit length 32 differs from formal bit length 12 for port m_axi_buser [/home/leo/cpu/vault.memo/v10.8ddr/TOP_SYS.v:434]
WARNING: [VRFC 10-278] actual bit length 32 differs from formal bit length 1 for port s_axi_arlock [/home/leo/cpu/vault.memo/v10.8ddr/TOP_SYS.v:464]
WARNING: [VRFC 10-278] actual bit length 32 differs from formal bit length 1 for port s_axi_awlock [/home/leo/cpu/vault.memo/v10.8ddr/TOP_SYS.v:465]
WARNING: [VRFC 10-278] actual bit length 32 differs from formal bit length 4 for port s_axi_wuser [/home/leo/cpu/vault.memo/v10.8ddr/TOP_SYS.v:466]
WARNING: [VRFC 10-278] actual bit length 8 differs from formal bit length 4 for port s00_AXI_AWLEN [/home/leo/cpu/vault.memo/v10.8ddr/TOP_SYS.v:522]
WARNING: [VRFC 10-278] actual bit length 4 differs from formal bit length 3 for port adr_i [/home/leo/cpu/vault.memo/v10.8ddr/periph.v:320]
WARNING: [VRFC 10-278] actual bit length 1 differs from formal bit length 2 for port rdqs_n [/home/leo/cpu/vault.memo/v10.8ddr/tb_top.v:82]
Completed static elaboration
Starting simulation data flow analysis
WARNING: [XSIM 43-4100] "/home/leo/cpu/vault.memo/v10.8ddr/clk_wiz_0.v" Line 69. Module clk_wiz_0 has a timescale but at least one module in design doesn't have timescale.
WARNING: [XSIM 43-4100] "/wrk/buildscratch/2015.2/continuous/20150626163259/data/verilog/src/unisims/IBUF.v" Line 30. Module IBUF has a timescale but at least one module in design doesn't have timescale.
WARNING: [XSIM 43-4100] "/wrk/buildscratch/2015.2/continuous/20150626163259/data/verilog/src/unisims/MMCME2_ADV.v" Line 123. Module MMCME2_ADV(CLKFBOUT_MULT_F=10.0,CLKIN1_PERIOD=10.0,CLKOUT0_DIVIDE_F=10.0,CLKOUT1_DIVIDE=40,CLKOUT2_DIVIDE=5) has a timescale but at least one module in design doesn't have timescale.
WARNING: [XSIM 43-4100] "/wrk/buildscratch/2015.2/continuous/20150626163259/data/verilog/src/unisims/BUFG.v" Line 26. Module BUFG has a timescale but at least one module in design doesn't have timescale.
WARNING: [XSIM 43-4100] "/wrk/buildscratch/2015.2/continuous/20150626163259/data/verilog/src/unisims/BUFG.v" Line 26. Module BUFG has a timescale but at least one module in design doesn't have timescale.
WARNING: [XSIM 43-4100] "/wrk/buildscratch/2015.2/continuous/20150626163259/data/verilog/src/unisims/BUFG.v" Line 26. Module BUFG has a timescale but at least one module in design doesn't have timescale.
WARNING: [XSIM 43-4100] "/wrk/buildscratch/2015.2/continuous/20150626163259/data/verilog/src/unisims/BUFG.v" Line 26. Module BUFG has a timescale but at least one module in design doesn't have timescale.
WARNING: [XSIM 43-4100] "/wrk/buildscratch/2015.2/continuous/20150626163259/data/verilog/src/unisims/STARTUPE2.v" Line 31. Module STARTUPE2 has a timescale but at least one module in design doesn't have timescale.
WARNING: [XSIM 43-4100] "/home/leo/cpu/vault.memo/v10.8ddr/v10.8ddr/v10.8ddr.srcs/sources_1/ip/ddr_axi/ddr_axi/user_design/rtl/ddr_axi.v" Line 71. Module ddr_axi has a timescale but at least one module in design doesn't have timescale.
WARNING: [XSIM 43-4100] "/home/leo/cpu/vault.memo/v10.8ddr/v10.8ddr/v10.8ddr.srcs/sources_1/ip/ddr_axi/ddr_axi/user_design/rtl/ddr_axi_mig_sim.v" Line 74. Module ddr_axi_mig_default has a timescale but at least one module in design doesn't have timescale.
WARNING: [XSIM 43-4100] "/home/leo/cpu/vault.memo/v10.8ddr/v10.8ddr/v10.8ddr.srcs/sources_1/ip/ddr_axi/ddr_axi/user_design/rtl/clocking/mig_7series_v2_3_iodelay_ctrl.v" Line 80. Module mig_7series_v2_3_iodelay_ctrl(TCQ=100,IODELAY_GRP0="DDR_AXI_IODELAY_MIG0",REFCLK_TYPE="NO_BUFFER",SYSCLK_TYPE="NO_BUFFER",SYS_RST_PORT="FALSE",RST_ACT_LOW=0,DIFF_TERM_REFCLK="TRUE") has a timescale but at least one module in design doesn't have timescale.
WARNING: [XSIM 43-4100] "/wrk/buildscratch/2015.2/continuous/20150626163259/data/verilog/src/unisims/IDELAYCTRL.v" Line 26. Module IDELAYCTRL has a timescale but at least one module in design doesn't have timescale.
WARNING: [XSIM 43-4100] "/home/leo/cpu/vault.memo/v10.8ddr/v10.8ddr/v10.8ddr.srcs/sources_1/ip/ddr_axi/ddr_axi/user_design/rtl/clocking/mig_7series_v2_3_clk_ibuf.v" Line 68. Module mig_7series_v2_3_clk_ibuf(SYSCLK_TYPE="NO_BUFFER",DIFF_TERM_SYSCLK="TRUE") has a timescale but at least one module in design doesn't have timescale.
WARNING: [XSIM 43-4100] "/home/leo/cpu/vault.memo/v10.8ddr/v10.8ddr/v10.8ddr.srcs/sources_1/ip/ddr_axi/ddr_axi/user_design/rtl/clocking/mig_7series_v2_3_tempmon.v" Line 69. Module mig_7series_v2_3_tempmon(TCQ=100,TEMP_MON_CONTROL="INTERNAL",XADC_CLK_PERIOD=5000,tTEMPSAMPLE=10000000) has a timescale but at least one module in design doesn't have timescale.
WARNING: [XSIM 43-4100] "/wrk/buildscratch/2015.2/continuous/20150626163259/data/verilog/src/unisims/XADC.v" Line 66. Module XADC(INIT_40=16'b01000000000000,INIT_41=16'b010111111111111,INIT_48=16'b0100000001,INIT_4A=16'b0100000000,INIT_50=16'b1011010111101101,INIT_51=16'b0101011111100100,INIT_52=16'b1010000101000111,INIT_53=16'b1100101000110011,INIT_54=16'b1010100100111010,INIT_55=16'b0101001011000110,INIT_56=16'b1001010101010101,INIT_57=16'b1010111001001110,INIT_58=16'b0101100110011001,INIT_5C=16'b0101000100010001) has a timescale but at least one module in design doesn't have timescale.
WARNING: [XSIM 43-4100] "/home/leo/cpu/vault.memo/v10.8ddr/v10.8ddr/v10.8ddr.srcs/sources_1/ip/ddr_axi/ddr_axi/user_design/rtl/clocking/mig_7series_v2_3_infrastructure.v" Line 78. Module mig_7series_v2_3_infrastructure(TCQ=100,CLKIN_PERIOD=5000,nCK_PER_CLK=2,SYSCLK_TYPE="NO_BUFFER",CLKFBOUT_MULT=4,DIVCLK_DIVIDE=1,CLKOUT0_PHASE=0.0,CLKOUT0_DIVIDE=2,CLKOUT1_DIVIDE=4,CLKOUT2_DIVIDE=64,CLKOUT3_DIVIDE=8,MMCM_VCO=1200,MMCM_MULT_F=12,MMCM_DIVCLK_DIVIDE=1,RST_ACT_LOW=0,tCK=5000,MEM_TYPE="DDR2") has a timescale but at least one module in design doesn't have timescale.
WARNING: [XSIM 43-4100] "/wrk/buildscratch/2015.2/continuous/20150626163259/data/verilog/src/unisims/PLLE2_ADV.v" Line 48. Module PLLE2_ADV(CLKFBOUT_MULT=4,CLKIN1_PERIOD=5.0,CLKOUT0_DIVIDE=2,CLKOUT0_PHASE=0.0,CLKOUT1_DIVIDE=4,CLKOUT2_DIVIDE=64,CLKOUT2_DUTY_CYCLE=0.0625,CLKOUT2_PHASE=9.84375,CLKOUT3_DIVIDE=8,CLKOUT4_DIVIDE=8,CLKOUT4_PHASE=168.75,COMPENSATION="INTERNAL",DIVCLK_DIVIDE=1) has a timescale but at least one module in design doesn't have timescale.
WARNING: [XSIM 43-4100] "/wrk/buildscratch/2015.2/continuous/20150626163259/data/verilog/src/unisims/BUFH.v" Line 28. Module BUFH has a timescale but at least one module in design doesn't have timescale.
WARNING: [XSIM 43-4100] "/wrk/buildscratch/2015.2/continuous/20150626163259/data/verilog/src/unisims/BUFG.v" Line 26. Module BUFG has a timescale but at least one module in design doesn't have timescale.
WARNING: [XSIM 43-4100] "/wrk/buildscratch/2015.2/continuous/20150626163259/data/verilog/src/unisims/BUFH.v" Line 28. Module BUFH has a timescale but at least one module in design doesn't have timescale.
WARNING: [XSIM 43-4100] "/wrk/buildscratch/2015.2/continuous/20150626163259/data/verilog/src/unisims/MMCME2_ADV.v" Line 123. Module MMCME2_ADV(BANDWIDTH="HIGH",CLKFBOUT_MULT_F=12.0,CLKIN1_PERIOD=10.0,CLKOUT0_DIVIDE_F=24.0,CLKOUT0_USE_FINE_PS="TRUE",COMPENSATION="BUF_IN",DIVCLK_DIVIDE=1,REF_JITTER1=0.0) has a timescale but at least one module in design doesn't have timescale.
WARNING: [XSIM 43-4100] "/wrk/buildscratch/2015.2/continuous/20150626163259/data/verilog/src/unisims/BUFG.v" Line 26. Module BUFG has a timescale but at least one module in design doesn't have timescale.
WARNING: [XSIM 43-4100] "/home/leo/cpu/vault.memo/v10.8ddr/v10.8ddr/v10.8ddr.srcs/sources_1/ip/ddr_axi/ddr_axi/user_design/rtl/ip_top/mig_7series_v2_3_memc_ui_top_axi.v" Line 72. Module mig_7series_v2_3_memc_ui_top_axi(TCQ=100,PAYLOAD_WIDTH=16,ADDR_CMD_MODE="1T",AL="0",BANK_WIDTH=3,BM_CNT_WIDTH=2,BURST_MODE="8",BURST_TYPE="SEQ",CK_WIDTH=1,CL=3,COL_WIDTH=10,CMD_PIPE_PLUS1="ON",CS_WIDTH=1,CKE_WIDTH=1,DATA_WIDTH=16,DATA_BUF_ADDR_WIDTH=4,DM_WIDTH=2,DQ_CNT_WIDTH=4,DQ_WIDTH=16,DQS_CNT_WIDTH=1,DQS_WIDTH=2,DRAM_TYPE="DDR2",DRAM_WIDTH=8,ECC="OFF",ECC_WIDTH=0,ECC_TEST="OFF",MC_ERR_ADDR_WIDTH=27,MASTER_PHY_CTL=0,nAL=0,nBANK_MACHS=4,nCK_PER_CLK=2,nCS_PER_RANK=1,ORDERING="STRICT",IBUF_LPWR_MODE="OFF",BANK_TYPE="HR_IO",DATA_IO_PRIM_TYPE="HR_LP",DATA_IO_IDLE_PWRDWN="ON",IODELAY_GRP0="DDR_AXI_IODELAY_MIG0",OUTPUT_DRV="HIGH",REG_CTRL="OFF",RTT_NOM="50",STARVE_LIMIT=2,tCK=5000,tCKE=7500,tFAW=45000,tPRDI=1000000,tRAS=40000,tRCD=15000,tREFI=7800000,tRFC=127500,tRP=12500,tRRD=10000,tRTP=7500,tWTR=7500,tZQI=128000000,tZQCS=64,USER_REFRESH="OFF",TEMP_MON_EN="ON",WRLVL="OFF",DEBUG_PORT="OFF",CAL_WIDTH="HALF",RANK_WIDTH=1,RANKS=1,ODT_WIDTH=1,ROW_WIDTH=13,ADDR_WIDTH=27,APP_MASK_WIDTH=8,APP_DATA_WIDTH=64,BYTE_LANES_B0=4'b1111,BYTE_LANES_B1=4'b0,BYTE_LANES_B2=4'b0,BYTE_LANES_B3=4'b0,BYTE_LANES_B4=4'b0,DATA_CTL_B0=4'b0101,DATA_CTL_B1=4'b0,DATA_CTL_B2=4'b0,DATA_CTL_B3=4'b0,DATA_CTL_B4=4'b0,PHY_0_BITLANES=48'b111111111100001111110111111111111111001111111110,PHY_1_BITLANES=48'b0,PHY_2_BITLANES=48'b0,CK_BYTE_MAP=144'b011,ADDR_MAP=192'b010000000000110011000000011010000000011001000000110010000000111010000000110100000000011000000000110110000000010010000000010001000000010111000000010101,BANK_MAP=36'b010011000000010110000000011011,CAS_MAP=12'b0111001,CKE_ODT_BYTE_MAP=8'b0,CKE_MAP=96'b0111000,ODT_MAP=96'b0110101,CKE_ODT_AUX="FALSE",CS_MAP=120'b0110111,PARITY_MAP=12'b0,RAS_MAP=12'b010100,WE_MAP=12'b0111011,DQS_BYTE_MAP=144'b01000000000,DATA0_MAP=96'b01000000000000100000000001001000000000111000000000101000000000001000000000110000000000011,DATA1_MAP=96'b0100010000000101000000000100000000000100100000000100111000000100101000000100110000000100001,DATA2_MAP=96'b0,DATA3_MAP=96'b0,DATA4_MAP=96'b0,DATA5_MAP=96'b0,DATA6_MAP=96'b0,DATA7_MAP=96'b0,DATA8_MAP=96'b0,DATA9_MAP=96'b0,DATA10_MAP=96'b0,DATA11_MAP=96'b0,DATA12_MAP=96'b0,DATA13_MAP=96'b0,DATA14_MAP=96'b0,DATA15_MAP=96'b0,DATA16_MAP=96'b0,DATA17_MAP=96'b0,MASK0_MAP=108'b0101001000000000010,MASK1_MAP=108'b0,SLOT_0_CONFIG=8'b01,SLOT_1_CONFIG=8'b0,MEM_ADDR_ORDER="BANK_ROW_COLUMN",CALIB_ROW_ADD=16'b0,CALIB_COL_ADD=12'b0,CALIB_BA_ADD=3'b0,SIM_BYPASS_INIT_CAL="FAST",REFCLK_FREQ=200.0,USE_CS_PORT=1,USE_DM_PORT=1,USE_ODT_PORT=1,IDELAY_ADJ="OFF",FINE_PER_BIT="OFF",CENTER_COMP_MODE="OFF",PI_VAL_ADJ="OFF",TAPSPERKCLK=56,C_S_AXI_ID_WIDTH=4,C_S_AXI_ADDR_WIDTH=32,C_S_AXI_DATA_WIDTH=32,C_S_AXI_SUPPORTS_NARROW_BURST=0,C_RD_WR_ARB_ALGORITHM="RD_PRI_REG",C_S_AXI_REG_EN0=20'b0,C_S_AXI_REG_EN1=20'b0,C_S_AXI_CTRL_ADDR_WIDTH=32,C_S_AXI_CTRL_DATA_WIDTH=32,C_S_AXI_BASEADDR=32'b0,C_ECC_ONOFF_RESET_VALUE=1,C_ECC_CE_COUNTER_WIDTH=8) has a timescale but at least one module in design doesn't have timescale.
WARNING: [XSIM 43-4100] "/home/leo/cpu/vault.memo/v10.8ddr/v10.8ddr/v10.8ddr.srcs/sources_1/ip/ddr_axi/ddr_axi/user_design/rtl/ip_top/mig_7series_v2_3_mem_intfc.v" Line 70. Module mig_7series_v2_3_mem_intfc(TCQ=100,DDR3_VDD_OP_VOLT="135",PAYLOAD_WIDTH=16,ADDR_CMD_MODE="1T",AL="0",BANK_WIDTH=3,BM_CNT_WIDTH=2,BURST_MODE="8",BURST_TYPE="SEQ",CA_MIRROR="OFF",CK_WIDTH=1,DATA_CTL_B0=4'b0101,DATA_CTL_B1=4'b0,DATA_CTL_B2=4'b0,DATA_CTL_B3=4'b0,DATA_CTL_B4=4'b0,BYTE_LANES_B0=4'b1111,BYTE_LANES_B1=4'b0,BYTE_LANES_B2=4'b0,BYTE_LANES_B3=4'b0,BYTE_LANES_B4=4'b0,PHY_0_BITLANES=48'b111111111100001111110111111111111111001111111110,PHY_1_BITLANES=48'b0,PHY_2_BITLANES=48'b0,CK_BYTE_MAP=144'b011,ADDR_MAP=192'b010000000000110011000000011010000000011001000000110010000000111010000000110100000000011000000000110110000000010010000000010001000000010111000000010101,BANK_MAP=36'b010011000000010110000000011011,CAS_MAP=12'b0111001,CKE_ODT_BYTE_MAP=8'b0,CKE_MAP=96'b0111000,ODT_MAP=96'b0110101,CKE_ODT_AUX="FALSE",CS_MAP=120'b0110111,PARITY_MAP=12'b0,RAS_MAP=12'b010100,WE_MAP=12'b0111011,DQS_BYTE_MAP=144'b01000000000,DATA0_MAP=96'b01000000000000100000000001001000000000111000000000101000000000001000000000110000000000011,DATA1_MAP=96'b0100010000000101000000000100000000000100100000000100111000000100101000000100110000000100001,DATA2_MAP=96'b0,DATA3_MAP=96'b0,DATA4_MAP=96'b0,DATA5_MAP=96'b0,DATA6_MAP=96'b0,DATA7_MAP=96'b0,DATA8_MAP=96'b0,DATA9_MAP=96'b0,DATA10_MAP=96'b0,DATA11_MAP=96'b0,DATA12_MAP=96'b0,DATA13_MAP=96'b0,DATA14_MAP=96'b0,DATA15_MAP=96'b0,DATA16_MAP=96'b0,DATA17_MAP=96'b0,MASK0_MAP=108'b0101001000000000010,MASK1_MAP=108'b0,CALIB_ROW_ADD=16'b0,CALIB_COL_ADD=12'b0,CALIB_BA_ADD=3'b0,CL=3,COL_WIDTH=10,CMD_PIPE_PLUS1="ON",CS_WIDTH=1,CKE_WIDTH=1,CWL=5,DATA_WIDTH=16,DATA_BUF_ADDR_WIDTH=4,DATA_BUF_OFFSET_WIDTH=1,DDR2_DQSN_ENABLE="YES",DM_WIDTH=2,DQ_CNT_WIDTH=4,DQ_WIDTH=16,DQS_CNT_WIDTH=1,DQS_WIDTH=2,DRAM_TYPE="DDR2",DRAM_WIDTH=8,ECC="OFF",ECC_WIDTH=0,MC_ERR_ADDR_WIDTH=27,nAL=0,nBANK_MACHS=4,nCK_PER_CLK=2,nCS_PER_RANK=1,ORDERING="STRICT",IBUF_LPWR_MODE="OFF",BANK_TYPE="HR_IO",DATA_IO_PRIM_TYPE="HR_LP",DATA_IO_IDLE_PWRDWN="ON",IODELAY_GRP="DDR_AXI_IODELAY_MIG0",FPGA_SPEED_GRADE=1,OUTPUT_DRV="HIGH",REG_CTRL="OFF",RTT_NOM="50",RTT_WR="120",STARVE_LIMIT=2,tCK=5000,tCKE=7500,tFAW=45000,tPRDI=1000000,tRAS=40000,tRCD=15000,tREFI=7800000,tRFC=127500,tRP=12500,tRRD=10000,tRTP=7500,tWTR=7500,tZQI=128000000,tZQCS=64,WRLVL="OFF",DEBUG_PORT="OFF",CAL_WIDTH="HALF",RANK_WIDTH=1,RANKS=1,ODT_WIDTH=1,ROW_WIDTH=13,SLOT_0_CONFIG=8'b01,SLOT_1_CONFIG=8'b0,SIM_BYPASS_INIT_CAL="FAST",REFCLK_FREQ=200.0,USE_CS_PORT=1,USE_DM_PORT=1,USE_ODT_PORT=1,MASTER_PHY_CTL=0,USER_REFRESH="OFF",TEMP_MON_EN="ON",IDELAY_ADJ="OFF",FINE_PER_BIT="OFF",CENTER_COMP_MODE="OFF",PI_VAL_ADJ="OFF",TAPSPERKCLK=56) has a timescale but at least one module in design doesn't have timescale.
WARNING: [XSIM 43-4100] "/home/leo/cpu/vault.memo/v10.8ddr/v10.8ddr/v10.8ddr.srcs/sources_1/ip/ddr_axi/ddr_axi/user_design/rtl/controller/mig_7series_v2_3_mc.v" Line 73. Module mig_7series_v2_3_mc(TCQ=100,ADDR_CMD_MODE="1T",BANK_WIDTH=3,BM_CNT_WIDTH=2,BURST_MODE="8",CL=3,CMD_PIPE_PLUS1="ON",COL_WIDTH=10,CS_WIDTH=1,CWL=2,DATA_BUF_ADDR_WIDTH=4,DATA_BUF_OFFSET_WIDTH=1,DATA_WIDTH=16,DQ_WIDTH=16,DQS_WIDTH=2,DRAM_TYPE="DDR2",ECC="OFF",ECC_WIDTH=0,MC_ERR_ADDR_WIDTH=27,nBANK_MACHS=4,nCK_PER_CLK=2,nCS_PER_RANK=1,nSLOTS=1,ORDERING="STRICT",PAYLOAD_WIDTH=16,RANK_WIDTH=1,RANKS=1,REG_CTRL="OFF",ROW_WIDTH=13,RTT_NOM="50",RTT_WR="120",SLOT_0_CONFIG=8'b01111,SLOT_1_CONFIG=8'b0,STARVE_LIMIT=2,tCK=5000,tCKE=7500,tFAW=45000,tRAS=40000,tRCD=15000,tREFI=7800000,CKE_ODT_AUX="FALSE",tRFC=127500,tRP=12500,tRRD=10000,tRTP=7500,tWTR=7500,tZQCS=64,tZQI=128000000,tPRDI=1000000,USER_REFRESH="OFF") has a timescale but at least one module in design doesn't have timescale.
WARNING: [XSIM 43-4100] "/home/leo/cpu/vault.memo/v10.8ddr/v10.8ddr/v10.8ddr.srcs/sources_1/ip/ddr_axi/ddr_axi/user_design/rtl/controller/mig_7series_v2_3_rank_mach.v" Line 71. Module mig_7series_v2_3_rank_mach(BURST_MODE="8",CS_WIDTH=1,DRAM_TYPE="DDR2",MAINT_PRESCALER_DIV=20,nBANK_MACHS=4,nCKESR=3,nCK_PER_CLK=2,CL=3,CWL=2,DQRD2DQWR_DLY=4,nFAW=9,nREFRESH_BANK=1,nRRD=2,nWTR=2,PERIODIC_RD_TIMER_DIV=5,RANK_BM_BV_WIDTH=4,RANK_WIDTH=1,RANKS=1,REFRESH_TIMER_DIV=37,ZQ_TIMER_DIV=640000) has a timescale but at least one module in design doesn't have timescale.
WARNING: [XSIM 43-4100] "/home/leo/cpu/vault.memo/v10.8ddr/v10.8ddr/v10.8ddr.srcs/sources_1/ip/ddr_axi/ddr_axi/user_design/rtl/controller/mig_7series_v2_3_rank_cntrl.v" Line 79. Module mig_7series_v2_3_rank_cntrl(BURST_MODE="8",DQRD2DQWR_DLY=4,CL=3,CWL=2,nBANK_MACHS=4,nCK_PER_CLK=2,nFAW=9,nREFRESH_BANK=1,nRRD=2,nWTR=2,PERIODIC_RD_TIMER_DIV=5,RANK_BM_BV_WIDTH=4,RANK_WIDTH=1,RANKS=1,REFRESH_TIMER_DIV=37) has a timescale but at least one module in design doesn't have timescale.
WARNING: [XSIM 43-4100] "/wrk/buildscratch/2015.2/continuous/20150626163259/data/verilog/src/unisims/SRLC32E.v" Line 30. Module SRLC32E has a timescale but at least one module in design doesn't have timescale.
WARNING: [XSIM 43-4100] "/home/leo/cpu/vault.memo/v10.8ddr/v10.8ddr/v10.8ddr.srcs/sources_1/ip/ddr_axi/ddr_axi/user_design/rtl/controller/mig_7series_v2_3_rank_common.v" Line 72. Module mig_7series_v2_3_rank_common(DRAM_TYPE="DDR2",MAINT_PRESCALER_DIV=20,nBANK_MACHS=4,nCKESR=3,nCK_PER_CLK=2,PERIODIC_RD_TIMER_DIV=5,RANK_WIDTH=1,RANKS=1,REFRESH_TIMER_DIV=37,ZQ_TIMER_DIV=640000) has a timescale but at least one module in design doesn't have timescale.
WARNING: [XSIM 43-4100] "/home/leo/cpu/vault.memo/v10.8ddr/v10.8ddr/v10.8ddr.srcs/sources_1/ip/ddr_axi/ddr_axi/user_design/rtl/controller/mig_7series_v2_3_round_robin_arb.v" Line 121. Module mig_7series_v2_3_round_robin_arb(WIDTH=3) has a timescale but at least one module in design doesn't have timescale.
WARNING: [XSIM 43-4100] "/home/leo/cpu/vault.memo/v10.8ddr/v10.8ddr/v10.8ddr.srcs/sources_1/ip/ddr_axi/ddr_axi/user_design/rtl/controller/mig_7series_v2_3_round_robin_arb.v" Line 121. Module mig_7series_v2_3_round_robin_arb(WIDTH=1) has a timescale but at least one module in design doesn't have timescale.
WARNING: [XSIM 43-4100] "/home/leo/cpu/vault.memo/v10.8ddr/v10.8ddr/v10.8ddr.srcs/sources_1/ip/ddr_axi/ddr_axi/user_design/rtl/controller/mig_7series_v2_3_bank_mach.v" Line 72. Module mig_7series_v2_3_bank_mach(TCQ=100,EVEN_CWL_2T_MODE="OFF",ADDR_CMD_MODE="1T",BANK_WIDTH=3,BM_CNT_WIDTH=2,BURST_MODE="8",COL_WIDTH=10,CS_WIDTH=1,CL=3,CWL=2,DATA_BUF_ADDR_WIDTH=4,DRAM_TYPE="DDR2",EARLY_WR_DATA_ADDR="OFF",ECC="OFF",LOW_IDLE_CNT=0,nBANK_MACHS=4,nCK_PER_CLK=2,nCS_PER_RANK=1,nOP_WAIT=0,nRAS=8,nRCD=3,nRFC=26,nRTP=2,CKE_ODT_AUX="FALSE",nRP=3,nSLOTS=1,nWR=3,nXSDLL=512,ORDERING="STRICT",RANK_BM_BV_WIDTH=4,RANK_WIDTH=1,RANKS=1,ROW_WIDTH=13,RTT_NOM="50",RTT_WR="120",STARVE_LIMIT=2,SLOT_0_CONFIG=8'b01111,SLOT_1_CONFIG=8'b0,tZQCS=64) has a timescale but at least one module in design doesn't have timescale.
WARNING: [XSIM 43-4100] "/home/leo/cpu/vault.memo/v10.8ddr/v10.8ddr/v10.8ddr.srcs/sources_1/ip/ddr_axi/ddr_axi/user_design/rtl/controller/mig_7series_v2_3_bank_cntrl.v" Line 70. Module mig_7series_v2_3_bank_cntrl(TCQ=100,ADDR_CMD_MODE="1T",BANK_WIDTH=3,BM_CNT_WIDTH=2,BURST_MODE="8",COL_WIDTH=10,CWL=2,DATA_BUF_ADDR_WIDTH=4,DRAM_TYPE="DDR2",ECC="OFF",ID=0,nBANK_MACHS=4,nCK_PER_CLK=2,nOP_WAIT=0,nRAS_CLKS=4,nRCD=3,nRTP=2,nRP=3,nWTP_CLKS=5,ORDERING="STRICT",RANK_WIDTH=1,RANKS=1,RAS_TIMER_WIDTH=2,ROW_WIDTH=13,STARVE_LIMIT=2) has a timescale but at least one module in design doesn't have timescale.
WARNING: [XSIM 43-4100] "/home/leo/cpu/vault.memo/v10.8ddr/v10.8ddr/v10.8ddr.srcs/sources_1/ip/ddr_axi/ddr_axi/user_design/rtl/controller/mig_7series_v2_3_bank_compare.v" Line 74. Module mig_7series_v2_3_bank_compare(BANK_WIDTH=3,TCQ=100,BURST_MODE="8",COL_WIDTH=10,DATA_BUF_ADDR_WIDTH=4,ECC="OFF",RANK_WIDTH=1,RANKS=1,ROW_WIDTH=13) has a timescale but at least one module in design doesn't have timescale.
WARNING: [XSIM 43-4100] "/home/leo/cpu/vault.memo/v10.8ddr/v10.8ddr/v10.8ddr.srcs/sources_1/ip/ddr_axi/ddr_axi/user_design/rtl/controller/mig_7series_v2_3_bank_state.v" Line 141. Module mig_7series_v2_3_bank_state(TCQ=100,ADDR_CMD_MODE="1T",BM_CNT_WIDTH=2,BURST_MODE="8",CWL=2,DATA_BUF_ADDR_WIDTH=4,DRAM_TYPE="DDR2",ECC="OFF",ID=0,nBANK_MACHS=4,nCK_PER_CLK=2,nOP_WAIT=0,nRAS_CLKS=4,nRP=3,nRTP=2,nRCD=3,nWTP_CLKS=5,ORDERING="STRICT",RANKS=1,RANK_WIDTH=1,RAS_TIMER_WIDTH=2,STARVE_LIMIT=2) has a timescale but at least one module in design doesn't have timescale.
WARNING: [XSIM 43-4100] "/home/leo/cpu/vault.memo/v10.8ddr/v10.8ddr/v10.8ddr.srcs/sources_1/ip/ddr_axi/ddr_axi/user_design/rtl/controller/mig_7series_v2_3_bank_queue.v" Line 174. Module mig_7series_v2_3_bank_queue(TCQ=100,BM_CNT_WIDTH=2,nBANK_MACHS=4,ORDERING="STRICT",ID=0) has a timescale but at least one module in design doesn't have timescale.
WARNING: [XSIM 43-4100] "/home/leo/cpu/vault.memo/v10.8ddr/v10.8ddr/v10.8ddr.srcs/sources_1/ip/ddr_axi/ddr_axi/user_design/rtl/controller/mig_7series_v2_3_bank_cntrl.v" Line 70. Module mig_7series_v2_3_bank_cntrl(TCQ=100,ADDR_CMD_MODE="1T",BANK_WIDTH=3,BM_CNT_WIDTH=2,BURST_MODE="8",COL_WIDTH=10,CWL=2,DATA_BUF_ADDR_WIDTH=4,DRAM_TYPE="DDR2",ECC="OFF",ID=1,nBANK_MACHS=4,nCK_PER_CLK=2,nOP_WAIT=0,nRAS_CLKS=4,nRCD=3,nRTP=2,nRP=3,nWTP_CLKS=5,ORDERING="STRICT",RANK_WIDTH=1,RANKS=1,RAS_TIMER_WIDTH=2,ROW_WIDTH=13,STARVE_LIMIT=2) has a timescale but at least one module in design doesn't have timescale.
WARNING: [XSIM 43-4100] "/home/leo/cpu/vault.memo/v10.8ddr/v10.8ddr/v10.8ddr.srcs/sources_1/ip/ddr_axi/ddr_axi/user_design/rtl/controller/mig_7series_v2_3_bank_compare.v" Line 74. Module mig_7series_v2_3_bank_compare(BANK_WIDTH=3,TCQ=100,BURST_MODE="8",COL_WIDTH=10,DATA_BUF_ADDR_WIDTH=4,ECC="OFF",RANK_WIDTH=1,RANKS=1,ROW_WIDTH=13) has a timescale but at least one module in design doesn't have timescale.
WARNING: [XSIM 43-4100] "/home/leo/cpu/vault.memo/v10.8ddr/v10.8ddr/v10.8ddr.srcs/sources_1/ip/ddr_axi/ddr_axi/user_design/rtl/controller/mig_7series_v2_3_bank_state.v" Line 141. Module mig_7series_v2_3_bank_state(TCQ=100,ADDR_CMD_MODE="1T",BM_CNT_WIDTH=2,BURST_MODE="8",CWL=2,DATA_BUF_ADDR_WIDTH=4,DRAM_TYPE="DDR2",ECC="OFF",ID=1,nBANK_MACHS=4,nCK_PER_CLK=2,nOP_WAIT=0,nRAS_CLKS=4,nRP=3,nRTP=2,nRCD=3,nWTP_CLKS=5,ORDERING="STRICT",RANKS=1,RANK_WIDTH=1,RAS_TIMER_WIDTH=2,STARVE_LIMIT=2) has a timescale but at least one module in design doesn't have timescale.
WARNING: [XSIM 43-4100] "/home/leo/cpu/vault.memo/v10.8ddr/v10.8ddr/v10.8ddr.srcs/sources_1/ip/ddr_axi/ddr_axi/user_design/rtl/controller/mig_7series_v2_3_bank_queue.v" Line 174. Module mig_7series_v2_3_bank_queue(TCQ=100,BM_CNT_WIDTH=2,nBANK_MACHS=4,ORDERING="STRICT",ID=1) has a timescale but at least one module in design doesn't have timescale.
WARNING: [XSIM 43-4100] "/home/leo/cpu/vault.memo/v10.8ddr/v10.8ddr/v10.8ddr.srcs/sources_1/ip/ddr_axi/ddr_axi/user_design/rtl/controller/mig_7series_v2_3_bank_cntrl.v" Line 70. Module mig_7series_v2_3_bank_cntrl(TCQ=100,ADDR_CMD_MODE="1T",BANK_WIDTH=3,BM_CNT_WIDTH=2,BURST_MODE="8",COL_WIDTH=10,CWL=2,DATA_BUF_ADDR_WIDTH=4,DRAM_TYPE="DDR2",ECC="OFF",ID=2,nBANK_MACHS=4,nCK_PER_CLK=2,nOP_WAIT=0,nRAS_CLKS=4,nRCD=3,nRTP=2,nRP=3,nWTP_CLKS=5,ORDERING="STRICT",RANK_WIDTH=1,RANKS=1,RAS_TIMER_WIDTH=2,ROW_WIDTH=13,STARVE_LIMIT=2) has a timescale but at least one module in design doesn't have timescale.
WARNING: [XSIM 43-4100] "/home/leo/cpu/vault.memo/v10.8ddr/v10.8ddr/v10.8ddr.srcs/sources_1/ip/ddr_axi/ddr_axi/user_design/rtl/controller/mig_7series_v2_3_bank_compare.v" Line 74. Module mig_7series_v2_3_bank_compare(BANK_WIDTH=3,TCQ=100,BURST_MODE="8",COL_WIDTH=10,DATA_BUF_ADDR_WIDTH=4,ECC="OFF",RANK_WIDTH=1,RANKS=1,ROW_WIDTH=13) has a timescale but at least one module in design doesn't have timescale.
WARNING: [XSIM 43-4100] "/home/leo/cpu/vault.memo/v10.8ddr/v10.8ddr/v10.8ddr.srcs/sources_1/ip/ddr_axi/ddr_axi/user_design/rtl/controller/mig_7series_v2_3_bank_state.v" Line 141. Module mig_7series_v2_3_bank_state(TCQ=100,ADDR_CMD_MODE="1T",BM_CNT_WIDTH=2,BURST_MODE="8",CWL=2,DATA_BUF_ADDR_WIDTH=4,DRAM_TYPE="DDR2",ECC="OFF",ID=2,nBANK_MACHS=4,nCK_PER_CLK=2,nOP_WAIT=0,nRAS_CLKS=4,nRP=3,nRTP=2,nRCD=3,nWTP_CLKS=5,ORDERING="STRICT",RANKS=1,RANK_WIDTH=1,RAS_TIMER_WIDTH=2,STARVE_LIMIT=2) has a timescale but at least one module in design doesn't have timescale.
WARNING: [XSIM 43-4100] "/home/leo/cpu/vault.memo/v10.8ddr/v10.8ddr/v10.8ddr.srcs/sources_1/ip/ddr_axi/ddr_axi/user_design/rtl/controller/mig_7series_v2_3_bank_queue.v" Line 174. Module mig_7series_v2_3_bank_queue(TCQ=100,BM_CNT_WIDTH=2,nBANK_MACHS=4,ORDERING="STRICT",ID=2) has a timescale but at least one module in design doesn't have timescale.
WARNING: [XSIM 43-4100] "/home/leo/cpu/vault.memo/v10.8ddr/v10.8ddr/v10.8ddr.srcs/sources_1/ip/ddr_axi/ddr_axi/user_design/rtl/controller/mig_7series_v2_3_bank_cntrl.v" Line 70. Module mig_7series_v2_3_bank_cntrl(TCQ=100,ADDR_CMD_MODE="1T",BANK_WIDTH=3,BM_CNT_WIDTH=2,BURST_MODE="8",COL_WIDTH=10,CWL=2,DATA_BUF_ADDR_WIDTH=4,DRAM_TYPE="DDR2",ECC="OFF",ID=3,nBANK_MACHS=4,nCK_PER_CLK=2,nOP_WAIT=0,nRAS_CLKS=4,nRCD=3,nRTP=2,nRP=3,nWTP_CLKS=5,ORDERING="STRICT",RANK_WIDTH=1,RANKS=1,RAS_TIMER_WIDTH=2,ROW_WIDTH=13,STARVE_LIMIT=2) has a timescale but at least one module in design doesn't have timescale.
WARNING: [XSIM 43-4100] "/home/leo/cpu/vault.memo/v10.8ddr/v10.8ddr/v10.8ddr.srcs/sources_1/ip/ddr_axi/ddr_axi/user_design/rtl/controller/mig_7series_v2_3_bank_compare.v" Line 74. Module mig_7series_v2_3_bank_compare(BANK_WIDTH=3,TCQ=100,BURST_MODE="8",COL_WIDTH=10,DATA_BUF_ADDR_WIDTH=4,ECC="OFF",RANK_WIDTH=1,RANKS=1,ROW_WIDTH=13) has a timescale but at least one module in design doesn't have timescale.
WARNING: [XSIM 43-4100] "/home/leo/cpu/vault.memo/v10.8ddr/v10.8ddr/v10.8ddr.srcs/sources_1/ip/ddr_axi/ddr_axi/user_design/rtl/controller/mig_7series_v2_3_bank_state.v" Line 141. Module mig_7series_v2_3_bank_state(TCQ=100,ADDR_CMD_MODE="1T",BM_CNT_WIDTH=2,BURST_MODE="8",CWL=2,DATA_BUF_ADDR_WIDTH=4,DRAM_TYPE="DDR2",ECC="OFF",ID=3,nBANK_MACHS=4,nCK_PER_CLK=2,nOP_WAIT=0,nRAS_CLKS=4,nRP=3,nRTP=2,nRCD=3,nWTP_CLKS=5,ORDERING="STRICT",RANKS=1,RANK_WIDTH=1,RAS_TIMER_WIDTH=2,STARVE_LIMIT=2) has a timescale but at least one module in design doesn't have timescale.
WARNING: [XSIM 43-4100] "/home/leo/cpu/vault.memo/v10.8ddr/v10.8ddr/v10.8ddr.srcs/sources_1/ip/ddr_axi/ddr_axi/user_design/rtl/controller/mig_7series_v2_3_bank_queue.v" Line 174. Module mig_7series_v2_3_bank_queue(TCQ=100,BM_CNT_WIDTH=2,nBANK_MACHS=4,ORDERING="STRICT",ID=3) has a timescale but at least one module in design doesn't have timescale.
WARNING: [XSIM 43-4100] "/home/leo/cpu/vault.memo/v10.8ddr/v10.8ddr/v10.8ddr.srcs/sources_1/ip/ddr_axi/ddr_axi/user_design/rtl/controller/mig_7series_v2_3_bank_common.v" Line 73. Module mig_7series_v2_3_bank_common(TCQ=100,BM_CNT_WIDTH=2,LOW_IDLE_CNT=0,nBANK_MACHS=4,nCK_PER_CLK=2,nOP_WAIT=0,nRFC=26,nXSDLL=512,RANK_WIDTH=1,RANKS=1,CWL=2,tZQCS=64) has a timescale but at least one module in design doesn't have timescale.
WARNING: [XSIM 43-4100] "/home/leo/cpu/vault.memo/v10.8ddr/v10.8ddr/v10.8ddr.srcs/sources_1/ip/ddr_axi/ddr_axi/user_design/rtl/controller/mig_7series_v2_3_arb_mux.v" Line 69. Module mig_7series_v2_3_arb_mux(TCQ=100,EVEN_CWL_2T_MODE="OFF",ADDR_CMD_MODE="1T",BANK_VECT_INDX=11,BANK_WIDTH=3,BURST_MODE="8",CS_WIDTH=1,CL=3,CWL=2,DATA_BUF_ADDR_VECT_INDX=15,DATA_BUF_ADDR_WIDTH=4,DRAM_TYPE="DDR2",CKE_ODT_AUX="FALSE",EARLY_WR_DATA_ADDR="OFF",ECC="OFF",nBANK_MACHS=4,nCK_PER_CLK=2,nCS_PER_RANK=1,nRAS=8,nRCD=3,nSLOTS=1,nWR=3,RANKS=1,RANK_VECT_INDX=3,RANK_WIDTH=1,ROW_VECT_INDX=51,ROW_WIDTH=13,RTT_NOM="50",RTT_WR="120",SLOT_0_CONFIG=8'b01111,SLOT_1_CONFIG=8'b0) has a timescale but at least one module in design doesn't have timescale.
INFO: [Common 17-14] Message 'XSIM 43-4100' appears 50 times and further instances of the messages will be disabled. Use the Tcl command set_msg_config to change the current settings.
Completed simulation data flow analysis
Time Resolution for simulation is 1fs
Compiling package std.standard
Compiling package ieee.std_logic_1164
Compiling package ieee.numeric_std
Compiling package axi_ethernetlite_v3_0.mac_pkg
Compiling package unisim.vcomponents
Compiling package synopsys.attributes
Compiling package ieee.std_logic_misc
Compiling package std.textio
Compiling package ieee.vital_timing
Compiling package ieee.vital_primitives
Compiling package unisim.vpkg
Compiling package ieee.std_logic_arith
Compiling package ieee.std_logic_unsigned
Compiling module unisims_ver.IBUF
Compiling module unisims_ver.MMCME2_ADV(CLKFBOUT_MULT_F=10.0,...
Compiling module unisims_ver.BUFG
Compiling module xil_defaultlib.clk_wiz_0
Compiling module xil_defaultlib.RSTGEN
Compiling module unisims_ver.STARTUPE2
Compiling module xil_defaultlib.cacheram
Compiling module xil_defaultlib.useq
Compiling module xil_defaultlib.deco8
Compiling module xil_defaultlib.deco_rm
Compiling module xil_defaultlib.udecox
Compiling module xil_defaultlib.deco
Compiling module xil_defaultlib.acu
Compiling module xil_defaultlib.synthetic_op
Compiling module xil_defaultlib.shiftbox
Compiling module xil_defaultlib.arithbox
Compiling module xil_defaultlib.vliw
Compiling module xil_defaultlib.cpu
Compiling module xil_defaultlib.cmp14
Compiling module xil_defaultlib.Dtlb
Compiling module xil_defaultlib.Itlb
Compiling module xil_defaultlib.core
Compiling module xil_defaultlib.datacache
Compiling module xil_defaultlib.biu32_axi
Compiling module xil_defaultlib.v586
Compiling module unisims_ver.IDELAYCTRL
Compiling module xil_defaultlib.mig_7series_v2_3_iodelay_ctrl(TC...
Compiling module xil_defaultlib.mig_7series_v2_3_clk_ibuf(SYSCLK...
Compiling module unisims_ver.XADC(INIT_40=16'b01000000000000,...
Compiling module xil_defaultlib.mig_7series_v2_3_tempmon(TCQ=100...
Compiling module unisims_ver.PLLE2_ADV(CLKFBOUT_MULT=4,CLKIN1...
Compiling module unisims_ver.BUFH
Compiling module unisims_ver.MMCME2_ADV(BANDWIDTH="HIGH",CLKF...
Compiling module xil_defaultlib.mig_7series_v2_3_infrastructure(...
Compiling module unisims_ver.SRLC32E
Compiling module xil_defaultlib.mig_7series_v2_3_rank_cntrl(BURS...
Compiling module xil_defaultlib.mig_7series_v2_3_round_robin_arb...
Compiling module xil_defaultlib.mig_7series_v2_3_round_robin_arb...
Compiling module xil_defaultlib.mig_7series_v2_3_rank_common(DRA...
Compiling module xil_defaultlib.mig_7series_v2_3_rank_mach(BURST...
Compiling module xil_defaultlib.mig_7series_v2_3_bank_compare(BA...
Compiling module xil_defaultlib.mig_7series_v2_3_bank_state(TCQ=...
Compiling module xil_defaultlib.mig_7series_v2_3_bank_queue(TCQ=...
Compiling module xil_defaultlib.mig_7series_v2_3_bank_cntrl(TCQ=...
Compiling module xil_defaultlib.mig_7series_v2_3_bank_state(TCQ=...
Compiling module xil_defaultlib.mig_7series_v2_3_bank_queue(TCQ=...
Compiling module xil_defaultlib.mig_7series_v2_3_bank_cntrl(TCQ=...
Compiling module xil_defaultlib.mig_7series_v2_3_bank_state(TCQ=...
Compiling module xil_defaultlib.mig_7series_v2_3_bank_queue(TCQ=...
Compiling module xil_defaultlib.mig_7series_v2_3_bank_cntrl(TCQ=...
Compiling module xil_defaultlib.mig_7series_v2_3_bank_state(TCQ=...
Compiling module xil_defaultlib.mig_7series_v2_3_bank_queue(TCQ=...
Compiling module xil_defaultlib.mig_7series_v2_3_bank_cntrl(TCQ=...
Compiling module xil_defaultlib.mig_7series_v2_3_bank_common(TCQ...
Compiling module xil_defaultlib.mig_7series_v2_3_round_robin_arb...
Compiling module xil_defaultlib.mig_7series_v2_3_arb_row_col(TCQ...
Compiling module xil_defaultlib.mig_7series_v2_3_arb_select(TCQ=...
Compiling module xil_defaultlib.mig_7series_v2_3_arb_mux(TCQ=100...
Compiling module xil_defaultlib.mig_7series_v2_3_bank_mach(TCQ=1...
Compiling module unisims_ver.RAM32M
Compiling module xil_defaultlib.mig_7series_v2_3_col_mach(TCQ=10...
Compiling module xil_defaultlib.mig_7series_v2_3_mc(TCQ=100,ADDR...
Compiling module unisims_ver.OBUF
Compiling module unisims_ver.OBUFT
Compiling module unisims_ver.IOBUF_INTERMDISABLE(IBUF_LOW_PWR...
Compiling module unisims_ver.IOBUFDS_INTERMDISABLE(DQS_BIAS="...
Compiling module xil_defaultlib.mig_7series_v2_3_ddr_of_pre_fifo...
Compiling module xil_defaultlib.mig_7series_v2_3_ddr_of_pre_fifo...
Compiling module unisims_ver.BUFIO
Compiling module xil_defaultlib.mig_7series_v2_3_ddr_if_post_fif...
Compiling module xil_defaultlib.mig_7series_v2_3_ddr_of_pre_fifo...
Compiling secureip modules ...
Compiling module unisims_ver.PHASER_IN_PHY(BURST_MODE="TRUE",...
Compiling secureip modules ...
Compiling module unisims_ver.PHASER_OUT_PHY(CLKOUT_DIV=2,COAR...
Compiling secureip modules ...
Compiling module unisims_ver.IN_FIFO(ALMOST_EMPTY_VALUE=1,ALM...
Compiling secureip modules ...
Compiling module unisims_ver.OUT_FIFO(ALMOST_EMPTY_VALUE=1,AL...
Compiling secureip modules ...
Compiling module unisims_ver.ISERDESE2(DATA_RATE="DDR",DATA_W...
Compiling module unisims_ver.IDELAYE2(CINVCTRL_SEL="FALSE",DE...
Compiling secureip modules ...
Compiling module unisims_ver.OSERDESE2(DATA_RATE_OQ="DDR",DAT...
Compiling secureip modules ...
Compiling module unisims_ver.OSERDESE2(DATA_RATE_OQ="DDR",DAT...
Compiling module unisims_ver.ODDR(DDR_CLK_EDGE="SAME_EDGE")
Compiling module xil_defaultlib.mig_7series_v2_3_ddr_byte_group_...
Compiling module xil_defaultlib.mig_7series_v2_3_ddr_byte_lane(P...
Compiling module unisims_ver.PHASER_OUT_PHY(CLKOUT_DIV=2,COAR...
Compiling secureip modules ...
Compiling module unisims_ver.OSERDESE2(DATA_RATE_OQ="DDR",DAT...
Compiling module xil_defaultlib.mig_7series_v2_3_ddr_byte_group_...
Compiling module xil_defaultlib.mig_7series_v2_3_ddr_byte_lane(A...
Compiling module xil_defaultlib.mig_7series_v2_3_ddr_byte_group_...
Compiling module xil_defaultlib.mig_7series_v2_3_ddr_byte_lane(A...
Compiling module xil_defaultlib.mig_7series_v2_3_ddr_byte_group_...
Compiling module unisims_ver.OBUFDS
Compiling module xil_defaultlib.mig_7series_v2_3_ddr_byte_lane(A...
Compiling secureip modules ...
Compiling module unisims_ver.PHY_CONTROL(AO_TOGGLE=1,AO_WRLVL...
Compiling module unisims_ver.PHASER_REF
Compiling module xil_defaultlib.mig_7series_v2_3_ddr_phy_4lanes(...
Compiling module xil_defaultlib.mig_7series_v2_3_ddr_mc_phy(BYTE...
Compiling module xil_defaultlib.mig_7series_v2_3_ddr_mc_phy_wrap...
Compiling module xil_defaultlib.mig_7series_v2_3_ddr_prbs_gen(TC...
Compiling module xil_defaultlib.mig_7series_v2_3_ddr_phy_init(tC...
Compiling module xil_defaultlib.mig_7series_v2_3_ddr_phy_wrcal(T...
Compiling module xil_defaultlib.mig_7series_v2_3_ddr_phy_wrlvl_o...
Compiling module xil_defaultlib.mig_7series_v2_3_ddr_phy_dqs_fou...
Compiling module xil_defaultlib.mig_7series_v2_3_ddr_phy_rdlvl(T...
Compiling module xil_defaultlib.mig_7series_v2_3_ddr_phy_tempmon...
Compiling module xil_defaultlib.mig_7series_v2_3_ddr_calib_top(T...
Compiling module xil_defaultlib.mig_7series_v2_3_ddr_phy_top(TCQ...
Compiling module xil_defaultlib.mig_7series_v2_3_mem_intfc(TCQ=1...
Compiling module xil_defaultlib.mig_7series_v2_3_ui_cmd(TCQ=100,...
Compiling module xil_defaultlib.mig_7series_v2_3_ui_wr_data(TCQ=...
Compiling module xil_defaultlib.mig_7series_v2_3_ui_rd_data(TCQ=...
Compiling module xil_defaultlib.mig_7series_v2_3_ui_top(TCQ=100,...
Compiling module xil_defaultlib.mig_7series_v2_3_ddr_axic_regist...
Compiling module xil_defaultlib.mig_7series_v2_3_ddr_axic_regist...
Compiling module xil_defaultlib.mig_7series_v2_3_ddr_axic_regist...
Compiling module xil_defaultlib.mig_7series_v2_3_ddr_axic_regist...
Compiling module xil_defaultlib.mig_7series_v2_3_ddr_axi_registe...
Compiling module xil_defaultlib.mig_7series_v2_3_ddr_axic_regist...
Compiling module xil_defaultlib.mig_7series_v2_3_ddr_axic_regist...
Compiling module xil_defaultlib.mig_7series_v2_3_ddr_axic_regist...
Compiling module xil_defaultlib.mig_7series_v2_3_ddr_axic_regist...
Compiling module xil_defaultlib.mig_7series_v2_3_ddr_axi_registe...
Compiling module xil_defaultlib.mig_7series_v2_3_ddr_axic_regist...
Compiling module xil_defaultlib.mig_7series_v2_3_ddr_axic_regist...
Compiling module xil_defaultlib.mig_7series_v2_3_ddr_axic_regist...
Compiling module xil_defaultlib.mig_7series_v2_3_ddr_axi_registe...
Compiling module unisims_ver.MUXCY
Compiling module unisims_ver.XORCY
Compiling module unisims_ver.AND2B1L
Compiling module xil_defaultlib.mig_7series_v2_3_ddr_carry_latch...
Compiling module xil_defaultlib.mig_7series_v2_3_ddr_carry_and(C...
Compiling module unisims_ver.OR2L
Compiling module xil_defaultlib.mig_7series_v2_3_ddr_carry_latch...
Compiling module unisims_ver.sffsrce_fdre
Compiling module unisims_ver.FDRE
Compiling module xil_defaultlib.mig_7series_v2_3_ddr_command_fif...
Compiling module xil_defaultlib.mig_7series_v2_3_ddr_a_upsizer(C...
Compiling module xil_defaultlib.mig_7series_v2_3_ddr_comparator_...
Compiling module xil_defaultlib.mig_7series_v2_3_ddr_carry_or(C_...
Compiling module unisims_ver.LUT6_2(INIT=64'b0101101001011010...
Compiling module unisims_ver.LUT6_2(INIT=64'b0110011001111000...
Compiling module unisims_ver.LUT4
Compiling module unisims_ver.LUT6
Compiling module unisims_ver.sffsrce_fdse
Compiling module unisims_ver.FDSE
Compiling module xil_defaultlib.mig_7series_v2_3_ddr_comparator_...
Compiling module xil_defaultlib.mig_7series_v2_3_ddr_comparator_...
Compiling module xil_defaultlib.mig_7series_v2_3_ddr_w_upsizer(C...
Compiling module xil_defaultlib.mig_7series_v2_3_ddr_a_upsizer(C...
Compiling module xil_defaultlib.mig_7series_v2_3_ddr_r_upsizer(C...
Compiling module xil_defaultlib.mig_7series_v2_3_ddr_axi_upsizer...
Compiling module xil_defaultlib.mig_7series_v2_3_ddr_axic_regist...
Compiling module xil_defaultlib.mig_7series_v2_3_ddr_axic_regist...
Compiling module xil_defaultlib.mig_7series_v2_3_ddr_axi_registe...
Compiling module xil_defaultlib.mig_7series_v2_3_axi_mc_incr_cmd...
Compiling module xil_defaultlib.mig_7series_v2_3_axi_mc_wrap_cmd...
Compiling module xil_defaultlib.mig_7series_v2_3_axi_mc_cmd_tran...
Compiling module xil_defaultlib.mig_7series_v2_3_axi_mc_wr_cmd_f...
Compiling module xil_defaultlib.mig_7series_v2_3_axi_mc_aw_chann...
Compiling module xil_defaultlib.mig_7series_v2_3_axi_mc_w_channe...
Compiling module xil_defaultlib.mig_7series_v2_3_axi_mc_fifo(C_W...
Compiling module xil_defaultlib.mig_7series_v2_3_axi_mc_b_channe...
Compiling module xil_defaultlib.mig_7series_v2_3_axi_mc_incr_cmd...
Compiling module xil_defaultlib.mig_7series_v2_3_axi_mc_wrap_cmd...
Compiling module xil_defaultlib.mig_7series_v2_3_axi_mc_cmd_tran...
Compiling module xil_defaultlib.mig_7series_v2_3_axi_mc_cmd_fsm(...
Compiling module xil_defaultlib.mig_7series_v2_3_axi_mc_ar_chann...
Compiling module xil_defaultlib.mig_7series_v2_3_axi_mc_fifo(C_W...
Compiling module xil_defaultlib.mig_7series_v2_3_axi_mc_fifo(C_W...
Compiling module xil_defaultlib.mig_7series_v2_3_axi_mc_r_channe...
Compiling module xil_defaultlib.mig_7series_v2_3_axi_mc_cmd_arbi...
Compiling module xil_defaultlib.mig_7series_v2_3_axi_mc(C_FAMILY...
Compiling module xil_defaultlib.mig_7series_v2_3_memc_ui_top_axi...
Compiling module xil_defaultlib.ddr_axi_mig_default
Compiling module xil_defaultlib.ddr_axi
Compiling module xil_defaultlib.axi_rom
Compiling architecture ibuf_v of entity unisim.IBUF [\IBUF("DONT_CARE","0",true,"AUTO...]
Compiling architecture bufg_v of entity unisim.BUFG [bufg_default]
Compiling architecture fdre_v of entity unisim.FDRE [\FDRE('0','0','0','0')\]
Compiling architecture fdr_v of entity unisim.FDR [\FDR('0')\]
Compiling architecture implementation of entity lib_cdc_v1_0.cdc_sync [\cdc_sync(1,0,1,0,1,4)\]
Compiling architecture implementation of entity lib_cdc_v1_0.cdc_sync [\cdc_sync(1,0,1,0,1,2)\]
Compiling architecture implementation of entity lib_cdc_v1_0.cdc_sync [\cdc_sync(1,0,0,0,4,2)\]
Compiling architecture imp of entity axi_ethernetlite_v3_0.mdio_if [mdio_if_default]
Compiling architecture fdse_v of entity unisim.FDSE [\FDSE('1','0','0','0')\]
Compiling architecture fds_v of entity unisim.FDS [\FDS('1')\]
Compiling architecture imp of entity axi_ethernetlite_v3_0.rx_statemachine [\rx_statemachine(0)\]
Compiling module fifo_generator_v12_0.fifo_generator_v12_0_sync_stage(...
Compiling module fifo_generator_v12_0.fifo_generator_v12_0_bhv_ver_as(...
Compiling module fifo_generator_v12_0.FIFO_GENERATOR_v12_0_CONV_VER(C_...
Compiling module fifo_generator_v12_0.fifo_generator_vlog_beh(C_COMMON...
Compiling module fifo_generator_v12_0.fifo_generator_v12_0(C_COMMON_CL...
Compiling architecture implementation of entity lib_fifo_v1_0.async_fifo_fg [\async_fifo_fg(0,"artix7",6,0,15...]
Compiling architecture implementation of entity axi_ethernetlite_v3_0.rx_intrfce [\rx_intrfce("artix7")(1,6)\]
Compiling architecture arch1 of entity axi_ethernetlite_v3_0.crcgenrx [crcgenrx_default]
Compiling architecture imp of entity axi_ethernetlite_v3_0.receive [\receive(0,"artix7")(1,6)\]
Compiling architecture muxcy_l_v of entity unisim.MUXCY_L [muxcy_l_default]
Compiling architecture imp of entity axi_ethernetlite_v3_0.msh_cnt [\msh_cnt(true,5,"00000")(0,4)\]
Compiling architecture imp of entity axi_ethernetlite_v3_0.msh_cnt [\msh_cnt(false,8,"10001111")(0,7...]
Compiling architecture imp of entity axi_ethernetlite_v3_0.msh_cnt [\msh_cnt(false,4,"1001")(0,3)\]
Compiling architecture srl16e_v of entity unisim.SRL16E [\SRL16E("0101101001011010",'0')(...]
Compiling architecture imp of entity axi_ethernetlite_v3_0.lfsr16 [lfsr16_default]
Compiling architecture implementation of entity axi_ethernetlite_v3_0.bocntr [bocntr_default]
Compiling architecture implementation of entity axi_ethernetlite_v3_0.crcnibshiftreg [crcnibshiftreg_default]
Compiling architecture arch1 of entity axi_ethernetlite_v3_0.crcgentx [crcgentx_default]
Compiling architecture implementation of entity lib_cdc_v1_0.cdc_sync [\cdc_sync(1,0,1,0,1,3)\]
Compiling architecture implementation of entity axi_ethernetlite_v3_0.tx_intrfce [\tx_intrfce("artix7")(1,6)\]
Compiling architecture muxcy_v of entity unisim.MUXCY [muxcy_default]
Compiling architecture imp of entity axi_ethernetlite_v3_0.mux_onehot_f [\mux_onehot_f(4,6,"artix7")(1,6)...]
Compiling architecture lut2_v of entity unisim.LUT2 [\LUT2("1000")(0,3)\]
Compiling architecture mult_and_v of entity unisim.MULT_AND [mult_and_default]
Compiling architecture xorcy_v of entity unisim.XORCY [xorcy_default]
Compiling architecture imp of entity axi_ethernetlite_v3_0.ld_arith_reg [\ld_arith_reg(false,12,"00000000...]
Compiling architecture implementation of entity axi_ethernetlite_v3_0.cntr5bit [cntr5bit_default]
Compiling architecture implementation of entity axi_ethernetlite_v3_0.tx_statemachine [\tx_statemachine(0)\]
Compiling architecture implementation of entity axi_ethernetlite_v3_0.defer_state [defer_state_default]
Compiling architecture implementation of entity axi_ethernetlite_v3_0.deferral [deferral_default]
Compiling architecture imp of entity axi_ethernetlite_v3_0.ld_arith_reg [\ld_arith_reg(true,12,"000000000...]
Compiling architecture imp of entity axi_ethernetlite_v3_0.ld_arith_reg [\ld_arith_reg(false,4,"1000",4,0...]
Compiling architecture imp of entity axi_ethernetlite_v3_0.transmit [\transmit(0,"artix7")(1,6)\]
Compiling architecture ram32x1s_v of entity unisim.RAM32X1S [\RAM32X1S("000000000000000000000...]
Compiling architecture ram16x1s_v of entity unisim.RAM16X1S [\RAM16X1S("0000001000100000",'0'...]
Compiling architecture ram32x1s_v of entity unisim.RAM32X1S [\RAM32X1S("000000000000000000000...]
Compiling architecture ram16x1s_v of entity unisim.RAM16X1S [\RAM16X1S("0000011100010000",'0'...]
Compiling architecture ram32x1s_v of entity unisim.RAM32X1S [\RAM32X1S("000000000000000000001...]
Compiling architecture ram16x1s_v of entity unisim.RAM16X1S [\RAM16X1S("0000111000110000",'0'...]
Compiling architecture ram32x1s_v of entity unisim.RAM32X1S [\RAM32X1S("000000000000000000001...]
Compiling architecture ram16x1s_v of entity unisim.RAM16X1S [\RAM16X1S("0000111100010000",'0'...]
Compiling architecture imp of entity axi_ethernetlite_v3_0.ram16x4 [\ram16x4("0000000000000000","111...]
Compiling architecture imp of entity axi_ethernetlite_v3_0.MacAddrRAM [\MacAddrRAM("0000000000000000010...]
Compiling architecture imp of entity axi_ethernetlite_v3_0.emac [\emac(0,"00000000000000000101111...]
Compiling module blk_mem_gen_v8_2.BLK_MEM_GEN_v8_2_output_stage(C_...
Compiling module blk_mem_gen_v8_2.BLK_MEM_GEN_v8_2_output_stage(C_...
Compiling module blk_mem_gen_v8_2.BLK_MEM_GEN_v8_2_softecc_output_...
Compiling module blk_mem_gen_v8_2.BLK_MEM_GEN_v8_2_mem_module(C_CO...
Compiling module blk_mem_gen_v8_2.blk_mem_gen_v8_2(C_CORENAME="blk...
Compiling architecture implementation of entity lib_bmg_v1_0.blk_mem_gen_wrapper [\blk_mem_gen_wrapper("artix7","a...]
Compiling architecture imp of entity axi_ethernetlite_v3_0.emac_dpram [\emac_dpram("artix7")(1,6)\]
Compiling architecture imp of entity axi_ethernetlite_v3_0.xemac [\xemac("artix7",13,32,10000,0,0,...]
Compiling architecture rtl of entity axi_ethernetlite_v3_0.axi_interface [\axi_interface("artix7","AXI4",4...]
Compiling architecture imp of entity axi_ethernetlite_v3_0.axi_ethernetlite [\axi_ethernetlite("artix7","axi_...]
Compiling architecture axi_ethernetlite_0_arch of entity xil_defaultlib.axi_ethernetlite_0 [axi_ethernetlite_0_default]
Compiling module unisims_ver.IOBUF
Compiling module generic_baseblocks_v2_1.generic_baseblocks_v2_1_carry_an...
Compiling module generic_baseblocks_v2_1.generic_baseblocks_v2_1_comparat...
Compiling module generic_baseblocks_v2_1.generic_baseblocks_v2_1_comparat...
Compiling module generic_baseblocks_v2_1.generic_baseblocks_v2_1_comparat...
Compiling module generic_baseblocks_v2_1.generic_baseblocks_v2_1_comparat...
Compiling module generic_baseblocks_v2_1.generic_baseblocks_v2_1_comparat...
Compiling module generic_baseblocks_v2_1.generic_baseblocks_v2_1_comparat...
Compiling module generic_baseblocks_v2_1.generic_baseblocks_v2_1_comparat...
Compiling module generic_baseblocks_v2_1.generic_baseblocks_v2_1_comparat...
Compiling module generic_baseblocks_v2_1.generic_baseblocks_v2_1_comparat...
Compiling module generic_baseblocks_v2_1.generic_baseblocks_v2_1_comparat...
Compiling module generic_baseblocks_v2_1.generic_baseblocks_v2_1_comparat...
Compiling module axi_crossbar_v2_1.axi_crossbar_v2_1_addr_decoder(C...
Compiling module generic_baseblocks_v2_1.generic_baseblocks_v2_1_mux_enc(...
Compiling module axi_data_fifo_v2_1.axi_data_fifo_v2_1_ndeep_srl(C_F...
Compiling module axi_data_fifo_v2_1.axi_data_fifo_v2_1_axic_srl_fifo...
Compiling module axi_crossbar_v2_1.axi_crossbar_v2_1_si_transactor(...
Compiling module generic_baseblocks_v2_1.generic_baseblocks_v2_1_mux_enc(...
Compiling module axi_crossbar_v2_1.axi_crossbar_v2_1_si_transactor(...
Compiling module axi_crossbar_v2_1.axi_crossbar_v2_1_splitter
Compiling module axi_data_fifo_v2_1.axi_data_fifo_v2_1_ndeep_srl(C_F...
Compiling module axi_data_fifo_v2_1.axi_data_fifo_v2_1_axic_reg_srl_...
Compiling module axi_crossbar_v2_1.axi_crossbar_v2_1_wdata_router(C...
Compiling module axi_crossbar_v2_1.axi_crossbar_v2_1_wdata_mux(C_FA...
Compiling module axi_data_fifo_v2_1.axi_data_fifo_v2_1_axic_srl_fifo...
Compiling module axi_infrastructure_v1_1.axi_infrastructure_v1_1_axi2vect...
Compiling module axi_register_slice_v2_1.axi_register_slice_v2_1_axic_reg...
Compiling module axi_register_slice_v2_1.axi_register_slice_v2_1_axic_reg...
Compiling module axi_register_slice_v2_1.axi_register_slice_v2_1_axic_reg...
Compiling module axi_register_slice_v2_1.axi_register_slice_v2_1_axic_reg...
Compiling module axi_infrastructure_v1_1.axi_infrastructure_v1_1_vector2a...
Compiling module axi_register_slice_v2_1.axi_register_slice_v2_1_axi_regi...
Compiling module axi_crossbar_v2_1.axi_crossbar_v2_1_wdata_mux(C_FA...
Compiling module axi_data_fifo_v2_1.axi_data_fifo_v2_1_axic_srl_fifo...
Compiling module axi_crossbar_v2_1.axi_crossbar_v2_1_addr_arbiter(C...
Compiling module axi_crossbar_v2_1.axi_crossbar_v2_1_decerr_slave(C...
Compiling module axi_crossbar_v2_1.axi_crossbar_v2_1_crossbar(C_FAM...
Compiling module axi_crossbar_v2_1.axi_crossbar_v2_1_axi_crossbar(C...
Compiling module xil_defaultlib.axi_crossbar_0
Compiling module xil_defaultlib.notech_reg
Compiling module xil_defaultlib.notech_reg_set
Compiling module xil_defaultlib.notech_inv
Compiling module xil_defaultlib.notech_mux2
Compiling module xil_defaultlib.notech_and2
Compiling module xil_defaultlib.notech_nao3
Compiling module xil_defaultlib.notech_or2
Compiling module xil_defaultlib.notech_nor2
Compiling module xil_defaultlib.notech_nand2
Compiling module xil_defaultlib.notech_and4
Compiling module xil_defaultlib.notech_nao4
Compiling module xil_defaultlib.notech_ao3
Compiling module xil_defaultlib.notech_and3
Compiling module xil_defaultlib.notech_nand3
Compiling module xil_defaultlib.notech_or4
Compiling module xil_defaultlib.notech_nor4
Compiling module xil_defaultlib.notech_xor2
Compiling module xil_defaultlib.notech_ao4
Compiling module xil_defaultlib.notech_ha2
Compiling module xil_defaultlib.notech_mux4
Compiling module xil_defaultlib.notech_fa2
Compiling module xil_defaultlib.uart_16750
Compiling module xil_defaultlib.v8259
Compiling module xil_defaultlib.v8253_counter
Compiling module xil_defaultlib.v8253
Compiling module xil_defaultlib.v8042
Compiling module xil_defaultlib.tiny_spi_default
Compiling module xil_defaultlib.periph
Compiling module xil_defaultlib.TOP_SYS
Compiling module xil_defaultlib.ddr2_default
Compiling module xil_defaultlib.tb_top
Compiling module xil_defaultlib.glbl
Built simulation snapshot tb_top_behav
