INFO: [VRFC 10-2263] Analyzing Verilog file "/home/leo/cpu/vault.memo/v10.8ddr/synthetic_op.v" into library xil_defaultlib
INFO: [VRFC 10-311] analyzing module synthetic_op
INFO: [VRFC 10-2263] Analyzing Verilog file "/home/leo/cpu/vault.memo/v10.8ddr/shiftbox.v" into library xil_defaultlib
INFO: [VRFC 10-311] analyzing module shiftbox
INFO: [VRFC 10-2263] Analyzing Verilog file "/home/leo/cpu/vault.memo/v10.8ddr/arithbox.v" into library xil_defaultlib
INFO: [VRFC 10-311] analyzing module arithbox
INFO: [VRFC 10-2263] Analyzing Verilog file "/home/leo/cpu/vault.memo/v10.8ddr/udecox.v" into library xil_defaultlib
INFO: [VRFC 10-311] analyzing module udecox
INFO: [VRFC 10-2263] Analyzing Verilog file "/home/leo/cpu/vault.memo/v10.8ddr/deco_rm.v" into library xil_defaultlib
INFO: [VRFC 10-311] analyzing module deco_rm
INFO: [VRFC 10-2263] Analyzing Verilog file "/home/leo/cpu/vault.memo/v10.8ddr/deco8.v" into library xil_defaultlib
INFO: [VRFC 10-311] analyzing module deco8
INFO: [VRFC 10-2263] Analyzing Verilog file "/home/leo/cpu/vault.memo/v10.8ddr/vliw.v" into library xil_defaultlib
INFO: [VRFC 10-311] analyzing module vliw
INFO: [VRFC 10-2263] Analyzing Verilog file "/home/leo/cpu/vault.memo/v10.8ddr/deco.v" into library xil_defaultlib
INFO: [VRFC 10-311] analyzing module deco
INFO: [VRFC 10-2263] Analyzing Verilog file "/home/leo/cpu/vault.memo/v10.8ddr/cmp14.v" into library xil_defaultlib
INFO: [VRFC 10-311] analyzing module cmp14
INFO: [VRFC 10-2263] Analyzing Verilog file "/home/leo/cpu/vault.memo/v10.8ddr/cacheram.v" into library xil_defaultlib
INFO: [VRFC 10-311] analyzing module cacheram
INFO: [VRFC 10-2263] Analyzing Verilog file "/home/leo/cpu/vault.memo/v10.8ddr/acu.v" into library xil_defaultlib
INFO: [VRFC 10-311] analyzing module acu
INFO: [VRFC 10-2263] Analyzing Verilog file "/home/leo/cpu/vault.memo/v10.8ddr/useq_cache_8k_ddr.v" into library xil_defaultlib
INFO: [VRFC 10-311] analyzing module useq
INFO: [VRFC 10-2263] Analyzing Verilog file "/home/leo/cpu/vault.memo/v10.8ddr/Itlb.v" into library xil_defaultlib
INFO: [VRFC 10-311] analyzing module Itlb
INFO: [VRFC 10-2263] Analyzing Verilog file "/home/leo/cpu/vault.memo/v10.8ddr/Dtlb.v" into library xil_defaultlib
INFO: [VRFC 10-311] analyzing module Dtlb
INFO: [VRFC 10-2263] Analyzing Verilog file "/home/leo/cpu/vault.memo/v10.8ddr/datacache.v" into library xil_defaultlib
INFO: [VRFC 10-311] analyzing module datacache
INFO: [VRFC 10-2263] Analyzing Verilog file "/home/leo/cpu/vault.memo/v10.8ddr/notech/notech_inv.v" into library xil_defaultlib
INFO: [VRFC 10-311] analyzing module notech_inv
INFO: [VRFC 10-2263] Analyzing Verilog file "/home/leo/cpu/vault.memo/v10.8ddr/notech/notech_mux4.v" into library xil_defaultlib
INFO: [VRFC 10-311] analyzing module notech_mux4
INFO: [VRFC 10-2263] Analyzing Verilog file "/home/leo/cpu/vault.memo/v10.8ddr/notech/notech_ao3.v" into library xil_defaultlib
INFO: [VRFC 10-311] analyzing module notech_ao3
INFO: [VRFC 10-2263] Analyzing Verilog file "/home/leo/cpu/vault.memo/v10.8ddr/notech/notech_ao4.v" into library xil_defaultlib
INFO: [VRFC 10-311] analyzing module notech_ao4
INFO: [VRFC 10-2263] Analyzing Verilog file "/home/leo/cpu/vault.memo/v10.8ddr/notech/notech_or4.v" into library xil_defaultlib
INFO: [VRFC 10-311] analyzing module notech_or4
INFO: [VRFC 10-2263] Analyzing Verilog file "/home/leo/cpu/vault.memo/v10.8ddr/notech/notech_ha2.v" into library xil_defaultlib
INFO: [VRFC 10-311] analyzing module notech_ha2
INFO: [VRFC 10-2263] Analyzing Verilog file "/home/leo/cpu/vault.memo/v10.8ddr/notech/notech_or2.v" into library xil_defaultlib
INFO: [VRFC 10-311] analyzing module notech_or2
INFO: [VRFC 10-2263] Analyzing Verilog file "/home/leo/cpu/vault.memo/v10.8ddr/v8253_counter.v" into library xil_defaultlib
INFO: [VRFC 10-311] analyzing module v8253_counter
INFO: [VRFC 10-2263] Analyzing Verilog file "/home/leo/cpu/vault.memo/v10.8ddr/notech/notech_xor2.v" into library xil_defaultlib
INFO: [VRFC 10-311] analyzing module notech_xor2
INFO: [VRFC 10-2263] Analyzing Verilog file "/home/leo/cpu/vault.memo/v10.8ddr/notech/notech_reg.v" into library xil_defaultlib
INFO: [VRFC 10-311] analyzing module notech_reg
INFO: [VRFC 10-2263] Analyzing Verilog file "/home/leo/cpu/vault.memo/v10.8ddr/notech/notech_reg_set.v" into library xil_defaultlib
INFO: [VRFC 10-311] analyzing module notech_reg_set
INFO: [VRFC 10-2263] Analyzing Verilog file "/home/leo/cpu/vault.memo/v10.8ddr/notech/notech_nao4.v" into library xil_defaultlib
INFO: [VRFC 10-311] analyzing module notech_nao4
INFO: [VRFC 10-2263] Analyzing Verilog file "/home/leo/cpu/vault.memo/v10.8ddr/notech/notech_nao3.v" into library xil_defaultlib
INFO: [VRFC 10-311] analyzing module notech_nao3
INFO: [VRFC 10-2263] Analyzing Verilog file "/home/leo/cpu/vault.memo/v10.8ddr/notech/notech_and2.v" into library xil_defaultlib
INFO: [VRFC 10-311] analyzing module notech_and2
INFO: [VRFC 10-2263] Analyzing Verilog file "/home/leo/cpu/vault.memo/v10.8ddr/notech/notech_nor4.v" into library xil_defaultlib
INFO: [VRFC 10-311] analyzing module notech_nor4
INFO: [VRFC 10-2263] Analyzing Verilog file "/home/leo/cpu/vault.memo/v10.8ddr/notech/notech_nand2.v" into library xil_defaultlib
INFO: [VRFC 10-311] analyzing module notech_nand2
INFO: [VRFC 10-2263] Analyzing Verilog file "/home/leo/cpu/vault.memo/v10.8ddr/notech/notech_and3.v" into library xil_defaultlib
INFO: [VRFC 10-311] analyzing module notech_and3
INFO: [VRFC 10-2263] Analyzing Verilog file "/home/leo/cpu/vault.memo/v10.8ddr/notech/notech_nand3.v" into library xil_defaultlib
INFO: [VRFC 10-311] analyzing module notech_nand3
INFO: [VRFC 10-2263] Analyzing Verilog file "/home/leo/cpu/vault.memo/v10.8ddr/notech/notech_nor2.v" into library xil_defaultlib
INFO: [VRFC 10-311] analyzing module notech_nor2
INFO: [VRFC 10-2263] Analyzing Verilog file "/home/leo/cpu/vault.memo/v10.8ddr/notech/notech_and4.v" into library xil_defaultlib
INFO: [VRFC 10-311] analyzing module notech_and4
INFO: [VRFC 10-2263] Analyzing Verilog file "/home/leo/cpu/vault.memo/v10.8ddr/notech/notech_mux2.v" into library xil_defaultlib
INFO: [VRFC 10-311] analyzing module notech_mux2
INFO: [VRFC 10-2263] Analyzing Verilog file "/home/leo/cpu/vault.memo/v10.8ddr/notech/notech_fa2.v" into library xil_defaultlib
INFO: [VRFC 10-311] analyzing module notech_fa2
INFO: [VRFC 10-2263] Analyzing Verilog file "/home/leo/cpu/vault.memo/v10.8ddr/cpu.v" into library xil_defaultlib
INFO: [VRFC 10-311] analyzing module cpu
INFO: [VRFC 10-2263] Analyzing Verilog file "/home/leo/cpu/vault.memo/v10.8ddr/biu32_axi.v" into library xil_defaultlib
INFO: [VRFC 10-311] analyzing module biu32_axi
INFO: [VRFC 10-2263] Analyzing Verilog file "/home/leo/cpu/vault.memo/v10.8ddr/tiny_spi.v" into library xil_defaultlib
INFO: [VRFC 10-311] analyzing module tiny_spi
INFO: [VRFC 10-2263] Analyzing Verilog file "/home/leo/cpu/vault.memo/v10.8ddr/v8253.v" into library xil_defaultlib
INFO: [VRFC 10-311] analyzing module v8253
INFO: [VRFC 10-2263] Analyzing Verilog file "/home/leo/cpu/vault.memo/v10.8ddr/uart_16750.v" into library xil_defaultlib
INFO: [VRFC 10-311] analyzing module uart_16750
INFO: [VRFC 10-2263] Analyzing Verilog file "/home/leo/cpu/vault.memo/v10.8ddr/v8259.v" into library xil_defaultlib
INFO: [VRFC 10-311] analyzing module v8259
INFO: [VRFC 10-2263] Analyzing Verilog file "/home/leo/cpu/vault.memo/v10.8ddr/v8042_stub.v" into library xil_defaultlib
INFO: [VRFC 10-311] analyzing module v8042
INFO: [VRFC 10-2263] Analyzing Verilog file "/home/leo/cpu/vault.memo/v10.8ddr/core.v" into library xil_defaultlib
INFO: [VRFC 10-311] analyzing module core
INFO: [VRFC 10-2263] Analyzing Verilog file "/home/leo/cpu/vault.memo/v10.8ddr/v10.8ddr/v10.8ddr.srcs/sources_1/ip/ddr_axi/ddr_axi/user_design/rtl/controller/mig_7series_v2_3_rank_common.v" into library xil_defaultlib
INFO: [VRFC 10-311] analyzing module mig_7series_v2_3_rank_common
INFO: [VRFC 10-2263] Analyzing Verilog file "/home/leo/cpu/vault.memo/v10.8ddr/v10.8ddr/v10.8ddr.srcs/sources_1/ip/ddr_axi/ddr_axi/user_design/rtl/controller/mig_7series_v2_3_round_robin_arb.v" into library xil_defaultlib
INFO: [VRFC 10-311] analyzing module mig_7series_v2_3_round_robin_arb
INFO: [VRFC 10-2263] Analyzing Verilog file "/home/leo/cpu/vault.memo/v10.8ddr/v10.8ddr/v10.8ddr.srcs/sources_1/ip/ddr_axi/ddr_axi/user_design/rtl/controller/mig_7series_v2_3_rank_mach.v" into library xil_defaultlib
INFO: [VRFC 10-311] analyzing module mig_7series_v2_3_rank_mach
INFO: [VRFC 10-2263] Analyzing Verilog file "/home/leo/cpu/vault.memo/v10.8ddr/v10.8ddr/v10.8ddr.srcs/sources_1/ip/ddr_axi/ddr_axi/user_design/rtl/controller/mig_7series_v2_3_bank_state.v" into library xil_defaultlib
INFO: [VRFC 10-311] analyzing module mig_7series_v2_3_bank_state
INFO: [VRFC 10-2263] Analyzing Verilog file "/home/leo/cpu/vault.memo/v10.8ddr/v10.8ddr/v10.8ddr.srcs/sources_1/ip/ddr_axi/ddr_axi/user_design/rtl/controller/mig_7series_v2_3_mc.v" into library xil_defaultlib
INFO: [VRFC 10-311] analyzing module mig_7series_v2_3_mc
INFO: [VRFC 10-2263] Analyzing Verilog file "/home/leo/cpu/vault.memo/v10.8ddr/v10.8ddr/v10.8ddr.srcs/sources_1/ip/ddr_axi/ddr_axi/user_design/rtl/controller/mig_7series_v2_3_bank_common.v" into library xil_defaultlib
INFO: [VRFC 10-311] analyzing module mig_7series_v2_3_bank_common
INFO: [VRFC 10-2263] Analyzing Verilog file "/home/leo/cpu/vault.memo/v10.8ddr/v10.8ddr/v10.8ddr.srcs/sources_1/ip/ddr_axi/ddr_axi/user_design/rtl/controller/mig_7series_v2_3_bank_mach.v" into library xil_defaultlib
INFO: [VRFC 10-311] analyzing module mig_7series_v2_3_bank_mach
INFO: [VRFC 10-2263] Analyzing Verilog file "/home/leo/cpu/vault.memo/v10.8ddr/v10.8ddr/v10.8ddr.srcs/sources_1/ip/ddr_axi/ddr_axi/user_design/rtl/controller/mig_7series_v2_3_arb_select.v" into library xil_defaultlib
INFO: [VRFC 10-311] analyzing module mig_7series_v2_3_arb_select
INFO: [VRFC 10-2263] Analyzing Verilog file "/home/leo/cpu/vault.memo/v10.8ddr/v10.8ddr/v10.8ddr.srcs/sources_1/ip/ddr_axi/ddr_axi/user_design/rtl/controller/mig_7series_v2_3_bank_compare.v" into library xil_defaultlib
INFO: [VRFC 10-311] analyzing module mig_7series_v2_3_bank_compare
INFO: [VRFC 10-2263] Analyzing Verilog file "/home/leo/cpu/vault.memo/v10.8ddr/v10.8ddr/v10.8ddr.srcs/sources_1/ip/ddr_axi/ddr_axi/user_design/rtl/controller/mig_7series_v2_3_arb_row_col.v" into library xil_defaultlib
INFO: [VRFC 10-311] analyzing module mig_7series_v2_3_arb_row_col
INFO: [VRFC 10-2263] Analyzing Verilog file "/home/leo/cpu/vault.memo/v10.8ddr/v10.8ddr/v10.8ddr.srcs/sources_1/ip/ddr_axi/ddr_axi/user_design/rtl/controller/mig_7series_v2_3_rank_cntrl.v" into library xil_defaultlib
INFO: [VRFC 10-311] analyzing module mig_7series_v2_3_rank_cntrl
INFO: [VRFC 10-2263] Analyzing Verilog file "/home/leo/cpu/vault.memo/v10.8ddr/v10.8ddr/v10.8ddr.srcs/sources_1/ip/ddr_axi/ddr_axi/user_design/rtl/controller/mig_7series_v2_3_bank_queue.v" into library xil_defaultlib
INFO: [VRFC 10-311] analyzing module mig_7series_v2_3_bank_queue
INFO: [VRFC 10-2263] Analyzing Verilog file "/home/leo/cpu/vault.memo/v10.8ddr/v10.8ddr/v10.8ddr.srcs/sources_1/ip/ddr_axi/ddr_axi/user_design/rtl/controller/mig_7series_v2_3_arb_mux.v" into library xil_defaultlib
INFO: [VRFC 10-311] analyzing module mig_7series_v2_3_arb_mux
INFO: [VRFC 10-2263] Analyzing Verilog file "/home/leo/cpu/vault.memo/v10.8ddr/v10.8ddr/v10.8ddr.srcs/sources_1/ip/ddr_axi/ddr_axi/user_design/rtl/controller/mig_7series_v2_3_bank_cntrl.v" into library xil_defaultlib
INFO: [VRFC 10-311] analyzing module mig_7series_v2_3_bank_cntrl
INFO: [VRFC 10-2263] Analyzing Verilog file "/home/leo/cpu/vault.memo/v10.8ddr/v10.8ddr/v10.8ddr.srcs/sources_1/ip/ddr_axi/ddr_axi/user_design/rtl/controller/mig_7series_v2_3_col_mach.v" into library xil_defaultlib
INFO: [VRFC 10-311] analyzing module mig_7series_v2_3_col_mach
INFO: [VRFC 10-2263] Analyzing Verilog file "/home/leo/cpu/vault.memo/v10.8ddr/v10.8ddr/v10.8ddr.srcs/sources_1/ip/ddr_axi/ddr_axi/user_design/rtl/axi/mig_7series_v2_3_ddr_axic_register_slice.v" into library xil_defaultlib
INFO: [VRFC 10-311] analyzing module mig_7series_v2_3_ddr_axic_register_slice
INFO: [VRFC 10-2263] Analyzing Verilog file "/home/leo/cpu/vault.memo/v10.8ddr/v10.8ddr/v10.8ddr.srcs/sources_1/ip/ddr_axi/ddr_axi/user_design/rtl/axi/mig_7series_v2_3_axi_mc_simple_fifo.v" into library xil_defaultlib
INFO: [VRFC 10-311] analyzing module mig_7series_v2_3_axi_mc_simple_fifo
INFO: [VRFC 10-2263] Analyzing Verilog file "/home/leo/cpu/vault.memo/v10.8ddr/v10.8ddr/v10.8ddr.srcs/sources_1/ip/ddr_axi/ddr_axi/user_design/rtl/axi/mig_7series_v2_3_axi_ctrl_top.v" into library xil_defaultlib
INFO: [VRFC 10-311] analyzing module mig_7series_v2_3_axi_ctrl_top
INFO: [VRFC 10-2263] Analyzing Verilog file "/home/leo/cpu/vault.memo/v10.8ddr/v10.8ddr/v10.8ddr.srcs/sources_1/ip/ddr_axi/ddr_axi/user_design/rtl/axi/mig_7series_v2_3_axi_mc_wr_cmd_fsm.v" into library xil_defaultlib
INFO: [VRFC 10-311] analyzing module mig_7series_v2_3_axi_mc_wr_cmd_fsm
INFO: [VRFC 10-2263] Analyzing Verilog file "/home/leo/cpu/vault.memo/v10.8ddr/v10.8ddr/v10.8ddr.srcs/sources_1/ip/ddr_axi/ddr_axi/user_design/rtl/axi/mig_7series_v2_3_axi_mc_incr_cmd.v" into library xil_defaultlib
INFO: [VRFC 10-311] analyzing module mig_7series_v2_3_axi_mc_incr_cmd
INFO: [VRFC 10-2263] Analyzing Verilog file "/home/leo/cpu/vault.memo/v10.8ddr/v10.8ddr/v10.8ddr.srcs/sources_1/ip/ddr_axi/ddr_axi/user_design/rtl/axi/mig_7series_v2_3_axi_ctrl_reg_bank.v" into library xil_defaultlib
INFO: [VRFC 10-311] analyzing module mig_7series_v2_3_axi_ctrl_reg_bank
INFO: [VRFC 10-2263] Analyzing Verilog file "/home/leo/cpu/vault.memo/v10.8ddr/v10.8ddr/v10.8ddr.srcs/sources_1/ip/ddr_axi/ddr_axi/user_design/rtl/axi/mig_7series_v2_3_axi_ctrl_write.v" into library xil_defaultlib
INFO: [VRFC 10-311] analyzing module mig_7series_v2_3_axi_ctrl_write
INFO: [VRFC 10-2263] Analyzing Verilog file "/home/leo/cpu/vault.memo/v10.8ddr/v10.8ddr/v10.8ddr.srcs/sources_1/ip/ddr_axi/ddr_axi/user_design/rtl/axi/mig_7series_v2_3_axi_mc_cmd_fsm.v" into library xil_defaultlib
INFO: [VRFC 10-311] analyzing module mig_7series_v2_3_axi_mc_cmd_fsm
INFO: [VRFC 10-2263] Analyzing Verilog file "/home/leo/cpu/vault.memo/v10.8ddr/v10.8ddr/v10.8ddr.srcs/sources_1/ip/ddr_axi/ddr_axi/user_design/rtl/axi/mig_7series_v2_3_ddr_comparator_sel_static.v" into library xil_defaultlib
INFO: [VRFC 10-311] analyzing module mig_7series_v2_3_ddr_comparator_sel_static
INFO: [VRFC 10-2263] Analyzing Verilog file "/home/leo/cpu/vault.memo/v10.8ddr/v10.8ddr/v10.8ddr.srcs/sources_1/ip/ddr_axi/ddr_axi/user_design/rtl/axi/mig_7series_v2_3_ddr_w_upsizer.v" into library xil_defaultlib
INFO: [VRFC 10-311] analyzing module mig_7series_v2_3_ddr_w_upsizer
INFO: [VRFC 10-2263] Analyzing Verilog file "/home/leo/cpu/vault.memo/v10.8ddr/v10.8ddr/v10.8ddr.srcs/sources_1/ip/ddr_axi/ddr_axi/user_design/rtl/axi/mig_7series_v2_3_ddr_carry_and.v" into library xil_defaultlib
INFO: [VRFC 10-311] analyzing module mig_7series_v2_3_ddr_carry_and
INFO: [VRFC 10-2263] Analyzing Verilog file "/home/leo/cpu/vault.memo/v10.8ddr/v10.8ddr/v10.8ddr.srcs/sources_1/ip/ddr_axi/ddr_axi/user_design/rtl/axi/mig_7series_v2_3_axi_mc_cmd_arbiter.v" into library xil_defaultlib
INFO: [VRFC 10-311] analyzing module mig_7series_v2_3_axi_mc_cmd_arbiter
INFO: [VRFC 10-2263] Analyzing Verilog file "/home/leo/cpu/vault.memo/v10.8ddr/v10.8ddr/v10.8ddr.srcs/sources_1/ip/ddr_axi/ddr_axi/user_design/rtl/axi/mig_7series_v2_3_axi_mc_aw_channel.v" into library xil_defaultlib
INFO: [VRFC 10-311] analyzing module mig_7series_v2_3_axi_mc_aw_channel
INFO: [VRFC 10-2263] Analyzing Verilog file "/home/leo/cpu/vault.memo/v10.8ddr/v10.8ddr/v10.8ddr.srcs/sources_1/ip/ddr_axi/ddr_axi/user_design/rtl/axi/mig_7series_v2_3_axi_mc_w_channel.v" into library xil_defaultlib
INFO: [VRFC 10-311] analyzing module mig_7series_v2_3_axi_mc_w_channel
INFO: [VRFC 10-2263] Analyzing Verilog file "/home/leo/cpu/vault.memo/v10.8ddr/v10.8ddr/v10.8ddr.srcs/sources_1/ip/ddr_axi/ddr_axi/user_design/rtl/axi/mig_7series_v2_3_ddr_command_fifo.v" into library xil_defaultlib
INFO: [VRFC 10-311] analyzing module mig_7series_v2_3_ddr_command_fifo
INFO: [VRFC 10-2263] Analyzing Verilog file "/home/leo/cpu/vault.memo/v10.8ddr/v10.8ddr/v10.8ddr.srcs/sources_1/ip/ddr_axi/ddr_axi/user_design/rtl/axi/mig_7series_v2_3_axi_ctrl_read.v" into library xil_defaultlib
INFO: [VRFC 10-311] analyzing module mig_7series_v2_3_axi_ctrl_read
INFO: [VRFC 10-2263] Analyzing Verilog file "/home/leo/cpu/vault.memo/v10.8ddr/v10.8ddr/v10.8ddr.srcs/sources_1/ip/ddr_axi/ddr_axi/user_design/rtl/axi/mig_7series_v2_3_axi_mc_wrap_cmd.v" into library xil_defaultlib
INFO: [VRFC 10-311] analyzing module mig_7series_v2_3_axi_mc_wrap_cmd
INFO: [VRFC 10-2263] Analyzing Verilog file "/home/leo/cpu/vault.memo/v10.8ddr/v10.8ddr/v10.8ddr.srcs/sources_1/ip/ddr_axi/ddr_axi/user_design/rtl/axi/mig_7series_v2_3_axi_mc_b_channel.v" into library xil_defaultlib
INFO: [VRFC 10-311] analyzing module mig_7series_v2_3_axi_mc_b_channel
INFO: [VRFC 10-2263] Analyzing Verilog file "/home/leo/cpu/vault.memo/v10.8ddr/v10.8ddr/v10.8ddr.srcs/sources_1/ip/ddr_axi/ddr_axi/user_design/rtl/axi/mig_7series_v2_3_axi_mc_ar_channel.v" into library xil_defaultlib
INFO: [VRFC 10-311] analyzing module mig_7series_v2_3_axi_mc_ar_channel
INFO: [VRFC 10-2263] Analyzing Verilog file "/home/leo/cpu/vault.memo/v10.8ddr/v10.8ddr/v10.8ddr.srcs/sources_1/ip/ddr_axi/ddr_axi/user_design/rtl/axi/mig_7series_v2_3_axi_ctrl_addr_decode.v" into library xil_defaultlib
INFO: [VRFC 10-311] analyzing module mig_7series_v2_3_axi_ctrl_addr_decode
INFO: [VRFC 10-2263] Analyzing Verilog file "/home/leo/cpu/vault.memo/v10.8ddr/v10.8ddr/v10.8ddr.srcs/sources_1/ip/ddr_axi/ddr_axi/user_design/rtl/axi/mig_7series_v2_3_ddr_comparator.v" into library xil_defaultlib
INFO: [VRFC 10-311] analyzing module mig_7series_v2_3_ddr_comparator
INFO: [VRFC 10-2263] Analyzing Verilog file "/home/leo/cpu/vault.memo/v10.8ddr/v10.8ddr/v10.8ddr.srcs/sources_1/ip/ddr_axi/ddr_axi/user_design/rtl/axi/mig_7series_v2_3_ddr_carry_latch_or.v" into library xil_defaultlib
INFO: [VRFC 10-311] analyzing module mig_7series_v2_3_ddr_carry_latch_or
INFO: [VRFC 10-2263] Analyzing Verilog file "/home/leo/cpu/vault.memo/v10.8ddr/v10.8ddr/v10.8ddr.srcs/sources_1/ip/ddr_axi/ddr_axi/user_design/rtl/axi/mig_7series_v2_3_axi_ctrl_reg.v" into library xil_defaultlib
INFO: [VRFC 10-311] analyzing module mig_7series_v2_3_axi_ctrl_reg
INFO: [VRFC 10-2263] Analyzing Verilog file "/home/leo/cpu/vault.memo/v10.8ddr/v10.8ddr/v10.8ddr.srcs/sources_1/ip/ddr_axi/ddr_axi/user_design/rtl/axi/mig_7series_v2_3_axi_mc_fifo.v" into library xil_defaultlib
INFO: [VRFC 10-311] analyzing module mig_7series_v2_3_axi_mc_fifo
INFO: [VRFC 10-2263] Analyzing Verilog file "/home/leo/cpu/vault.memo/v10.8ddr/v10.8ddr/v10.8ddr.srcs/sources_1/ip/ddr_axi/ddr_axi/user_design/rtl/axi/mig_7series_v2_3_ddr_carry_or.v" into library xil_defaultlib
INFO: [VRFC 10-311] analyzing module mig_7series_v2_3_ddr_carry_or
INFO: [VRFC 10-2263] Analyzing Verilog file "/home/leo/cpu/vault.memo/v10.8ddr/v10.8ddr/v10.8ddr.srcs/sources_1/ip/ddr_axi/ddr_axi/user_design/rtl/axi/mig_7series_v2_3_ddr_carry_latch_and.v" into library xil_defaultlib
INFO: [VRFC 10-311] analyzing module mig_7series_v2_3_ddr_carry_latch_and
INFO: [VRFC 10-2263] Analyzing Verilog file "/home/leo/cpu/vault.memo/v10.8ddr/v10.8ddr/v10.8ddr.srcs/sources_1/ip/ddr_axi/ddr_axi/user_design/rtl/axi/mig_7series_v2_3_ddr_axi_register_slice.v" into library xil_defaultlib
INFO: [VRFC 10-311] analyzing module mig_7series_v2_3_ddr_axi_register_slice
INFO: [VRFC 10-2263] Analyzing Verilog file "/home/leo/cpu/vault.memo/v10.8ddr/v10.8ddr/v10.8ddr.srcs/sources_1/ip/ddr_axi/ddr_axi/user_design/rtl/axi/mig_7series_v2_3_axi_mc_cmd_translator.v" into library xil_defaultlib
INFO: [VRFC 10-311] analyzing module mig_7series_v2_3_axi_mc_cmd_translator
INFO: [VRFC 10-2263] Analyzing Verilog file "/home/leo/cpu/vault.memo/v10.8ddr/v10.8ddr/v10.8ddr.srcs/sources_1/ip/ddr_axi/ddr_axi/user_design/rtl/axi/mig_7series_v2_3_ddr_comparator_sel.v" into library xil_defaultlib
INFO: [VRFC 10-311] analyzing module mig_7series_v2_3_ddr_comparator_sel
INFO: [VRFC 10-2263] Analyzing Verilog file "/home/leo/cpu/vault.memo/v10.8ddr/v10.8ddr/v10.8ddr.srcs/sources_1/ip/ddr_axi/ddr_axi/user_design/rtl/axi/mig_7series_v2_3_ddr_a_upsizer.v" into library xil_defaultlib
INFO: [VRFC 10-311] analyzing module mig_7series_v2_3_ddr_a_upsizer
INFO: [VRFC 10-2263] Analyzing Verilog file "/home/leo/cpu/vault.memo/v10.8ddr/v10.8ddr/v10.8ddr.srcs/sources_1/ip/ddr_axi/ddr_axi/user_design/rtl/axi/mig_7series_v2_3_axi_mc.v" into library xil_defaultlib
INFO: [VRFC 10-311] analyzing module mig_7series_v2_3_axi_mc
INFO: [VRFC 10-2263] Analyzing Verilog file "/home/leo/cpu/vault.memo/v10.8ddr/v10.8ddr/v10.8ddr.srcs/sources_1/ip/ddr_axi/ddr_axi/user_design/rtl/axi/mig_7series_v2_3_ddr_r_upsizer.v" into library xil_defaultlib
INFO: [VRFC 10-311] analyzing module mig_7series_v2_3_ddr_r_upsizer
INFO: [VRFC 10-2263] Analyzing Verilog file "/home/leo/cpu/vault.memo/v10.8ddr/v10.8ddr/v10.8ddr.srcs/sources_1/ip/ddr_axi/ddr_axi/user_design/rtl/axi/mig_7series_v2_3_axi_mc_r_channel.v" into library xil_defaultlib
INFO: [VRFC 10-311] analyzing module mig_7series_v2_3_axi_mc_r_channel
INFO: [VRFC 10-2263] Analyzing Verilog file "/home/leo/cpu/vault.memo/v10.8ddr/v10.8ddr/v10.8ddr.srcs/sources_1/ip/ddr_axi/ddr_axi/user_design/rtl/axi/mig_7series_v2_3_ddr_axi_upsizer.v" into library xil_defaultlib
INFO: [VRFC 10-311] analyzing module mig_7series_v2_3_ddr_axi_upsizer
INFO: [VRFC 10-2263] Analyzing Verilog file "/home/leo/cpu/vault.memo/v10.8ddr/v10.8ddr/v10.8ddr.srcs/sources_1/ip/ddr_axi/ddr_axi/user_design/rtl/clocking/mig_7series_v2_3_clk_ibuf.v" into library xil_defaultlib
INFO: [VRFC 10-311] analyzing module mig_7series_v2_3_clk_ibuf
INFO: [VRFC 10-2263] Analyzing Verilog file "/home/leo/cpu/vault.memo/v10.8ddr/v10.8ddr/v10.8ddr.srcs/sources_1/ip/ddr_axi/ddr_axi/user_design/rtl/clocking/mig_7series_v2_3_iodelay_ctrl.v" into library xil_defaultlib
INFO: [VRFC 10-311] analyzing module mig_7series_v2_3_iodelay_ctrl
INFO: [VRFC 10-2263] Analyzing Verilog file "/home/leo/cpu/vault.memo/v10.8ddr/v10.8ddr/v10.8ddr.srcs/sources_1/ip/ddr_axi/ddr_axi/user_design/rtl/clocking/mig_7series_v2_3_tempmon.v" into library xil_defaultlib
INFO: [VRFC 10-311] analyzing module mig_7series_v2_3_tempmon
INFO: [VRFC 10-2263] Analyzing Verilog file "/home/leo/cpu/vault.memo/v10.8ddr/v10.8ddr/v10.8ddr.srcs/sources_1/ip/ddr_axi/ddr_axi/user_design/rtl/clocking/mig_7series_v2_3_infrastructure.v" into library xil_defaultlib
INFO: [VRFC 10-311] analyzing module mig_7series_v2_3_infrastructure
INFO: [VRFC 10-2263] Analyzing Verilog file "/home/leo/cpu/vault.memo/v10.8ddr/v10.8ddr/v10.8ddr.srcs/sources_1/ip/ddr_axi/ddr_axi/user_design/rtl/ip_top/mig_7series_v2_3_memc_ui_top_axi.v" into library xil_defaultlib
INFO: [VRFC 10-311] analyzing module mig_7series_v2_3_memc_ui_top_axi
INFO: [VRFC 10-2263] Analyzing Verilog file "/home/leo/cpu/vault.memo/v10.8ddr/v10.8ddr/v10.8ddr.srcs/sources_1/ip/ddr_axi/ddr_axi/user_design/rtl/ip_top/mig_7series_v2_3_mem_intfc.v" into library xil_defaultlib
INFO: [VRFC 10-311] analyzing module mig_7series_v2_3_mem_intfc
INFO: [VRFC 10-2263] Analyzing Verilog file "/home/leo/cpu/vault.memo/v10.8ddr/v10.8ddr/v10.8ddr.srcs/sources_1/ip/ddr_axi/ddr_axi/user_design/rtl/phy/mig_7series_v2_3_ddr_if_post_fifo.v" into library xil_defaultlib
INFO: [VRFC 10-311] analyzing module mig_7series_v2_3_ddr_if_post_fifo
INFO: [VRFC 10-2263] Analyzing Verilog file "/home/leo/cpu/vault.memo/v10.8ddr/v10.8ddr/v10.8ddr.srcs/sources_1/ip/ddr_axi/ddr_axi/user_design/rtl/phy/mig_7series_v2_3_ddr_phy_dqs_found_cal.v" into library xil_defaultlib
INFO: [VRFC 10-311] analyzing module mig_7series_v2_3_ddr_phy_dqs_found_cal
INFO: [VRFC 10-2263] Analyzing Verilog file "/home/leo/cpu/vault.memo/v10.8ddr/v10.8ddr/v10.8ddr.srcs/sources_1/ip/ddr_axi/ddr_axi/user_design/rtl/phy/mig_7series_v2_3_poc_tap_base.v" into library xil_defaultlib
INFO: [VRFC 10-311] analyzing module mig_7series_v2_3_poc_tap_base
INFO: [VRFC 10-2263] Analyzing Verilog file "/home/leo/cpu/vault.memo/v10.8ddr/v10.8ddr/v10.8ddr.srcs/sources_1/ip/ddr_axi/ddr_axi/user_design/rtl/phy/mig_7series_v2_3_ddr_phy_4lanes.v" into library xil_defaultlib
INFO: [VRFC 10-311] analyzing module mig_7series_v2_3_ddr_phy_4lanes
INFO: [VRFC 10-2263] Analyzing Verilog file "/home/leo/cpu/vault.memo/v10.8ddr/v10.8ddr/v10.8ddr.srcs/sources_1/ip/ddr_axi/ddr_axi/user_design/rtl/phy/mig_7series_v2_3_ddr_phy_ocd_data.v" into library xil_defaultlib
INFO: [VRFC 10-311] analyzing module mig_7series_v2_3_ddr_phy_ocd_data
INFO: [VRFC 10-2263] Analyzing Verilog file "/home/leo/cpu/vault.memo/v10.8ddr/v10.8ddr/v10.8ddr.srcs/sources_1/ip/ddr_axi/ddr_axi/user_design/rtl/phy/mig_7series_v2_3_ddr_phy_ck_addr_cmd_delay.v" into library xil_defaultlib
INFO: [VRFC 10-311] analyzing module mig_7series_v2_3_ddr_phy_ck_addr_cmd_delay
INFO: [VRFC 10-2263] Analyzing Verilog file "/home/leo/cpu/vault.memo/v10.8ddr/v10.8ddr/v10.8ddr.srcs/sources_1/ip/ddr_axi/ddr_axi/user_design/rtl/phy/mig_7series_v2_3_ddr_phy_wrlvl.v" into library xil_defaultlib
INFO: [VRFC 10-311] analyzing module mig_7series_v2_3_ddr_phy_wrlvl
INFO: [VRFC 10-2263] Analyzing Verilog file "/home/leo/cpu/vault.memo/v10.8ddr/v10.8ddr/v10.8ddr.srcs/sources_1/ip/ddr_axi/ddr_axi/user_design/rtl/phy/mig_7series_v2_3_ddr_phy_tempmon.v" into library xil_defaultlib
INFO: [VRFC 10-311] analyzing module mig_7series_v2_3_ddr_phy_tempmon
INFO: [VRFC 10-2263] Analyzing Verilog file "/home/leo/cpu/vault.memo/v10.8ddr/v10.8ddr/v10.8ddr.srcs/sources_1/ip/ddr_axi/ddr_axi/user_design/rtl/phy/mig_7series_v2_3_ddr_phy_wrcal.v" into library xil_defaultlib
INFO: [VRFC 10-311] analyzing module mig_7series_v2_3_ddr_phy_wrcal
INFO: [VRFC 10-2263] Analyzing Verilog file "/home/leo/cpu/vault.memo/v10.8ddr/v10.8ddr/v10.8ddr.srcs/sources_1/ip/ddr_axi/ddr_axi/user_design/rtl/phy/mig_7series_v2_3_poc_pd.v" into library xil_defaultlib
INFO: [VRFC 10-311] analyzing module mig_7series_v2_3_poc_pd
INFO: [VRFC 10-2263] Analyzing Verilog file "/home/leo/cpu/vault.memo/v10.8ddr/v10.8ddr/v10.8ddr.srcs/sources_1/ip/ddr_axi/ddr_axi/user_design/rtl/phy/mig_7series_v2_3_ddr_phy_wrlvl_off_delay.v" into library xil_defaultlib
INFO: [VRFC 10-311] analyzing module mig_7series_v2_3_ddr_phy_wrlvl_off_delay
INFO: [VRFC 10-2263] Analyzing Verilog file "/home/leo/cpu/vault.memo/v10.8ddr/v10.8ddr/v10.8ddr.srcs/sources_1/ip/ddr_axi/ddr_axi/user_design/rtl/phy/mig_7series_v2_3_ddr_phy_rdlvl.v" into library xil_defaultlib
INFO: [VRFC 10-311] analyzing module mig_7series_v2_3_ddr_phy_rdlvl
INFO: [VRFC 10-2263] Analyzing Verilog file "/home/leo/cpu/vault.memo/v10.8ddr/v10.8ddr/v10.8ddr.srcs/sources_1/ip/ddr_axi/ddr_axi/user_design/rtl/phy/mig_7series_v2_3_ddr_phy_prbs_rdlvl.v" into library xil_defaultlib
INFO: [VRFC 10-311] analyzing module mig_7series_v2_3_ddr_phy_prbs_rdlvl
INFO: [VRFC 10-2263] Analyzing Verilog file "/home/leo/cpu/vault.memo/v10.8ddr/v10.8ddr/v10.8ddr.srcs/sources_1/ip/ddr_axi/ddr_axi/user_design/rtl/phy/mig_7series_v2_3_ddr_phy_top.v" into library xil_defaultlib
INFO: [VRFC 10-311] analyzing module mig_7series_v2_3_ddr_phy_top
INFO: [VRFC 10-2263] Analyzing Verilog file "/home/leo/cpu/vault.memo/v10.8ddr/v10.8ddr/v10.8ddr.srcs/sources_1/ip/ddr_axi/ddr_axi/user_design/rtl/phy/mig_7series_v2_3_ddr_byte_lane.v" into library xil_defaultlib
INFO: [VRFC 10-311] analyzing module mig_7series_v2_3_ddr_byte_lane
INFO: [VRFC 10-2263] Analyzing Verilog file "/home/leo/cpu/vault.memo/v10.8ddr/v10.8ddr/v10.8ddr.srcs/sources_1/ip/ddr_axi/ddr_axi/user_design/rtl/phy/mig_7series_v2_3_ddr_phy_ocd_lim.v" into library xil_defaultlib
INFO: [VRFC 10-311] analyzing module mig_7series_v2_3_ddr_phy_ocd_lim
INFO: [VRFC 10-2263] Analyzing Verilog file "/home/leo/cpu/vault.memo/v10.8ddr/v10.8ddr/v10.8ddr.srcs/sources_1/ip/ddr_axi/ddr_axi/user_design/rtl/phy/mig_7series_v2_3_ddr_phy_ocd_samp.v" into library xil_defaultlib
INFO: [VRFC 10-311] analyzing module mig_7series_v2_3_ddr_phy_ocd_samp
INFO: [VRFC 10-2263] Analyzing Verilog file "/home/leo/cpu/vault.memo/v10.8ddr/v10.8ddr/v10.8ddr.srcs/sources_1/ip/ddr_axi/ddr_axi/user_design/rtl/phy/mig_7series_v2_3_ddr_of_pre_fifo.v" into library xil_defaultlib
INFO: [VRFC 10-311] analyzing module mig_7series_v2_3_ddr_of_pre_fifo
INFO: [VRFC 10-2263] Analyzing Verilog file "/home/leo/cpu/vault.memo/v10.8ddr/v10.8ddr/v10.8ddr.srcs/sources_1/ip/ddr_axi/ddr_axi/user_design/rtl/phy/mig_7series_v2_3_poc_edge_store.v" into library xil_defaultlib
INFO: [VRFC 10-311] analyzing module mig_7series_v2_3_poc_edge_store
INFO: [VRFC 10-2263] Analyzing Verilog file "/home/leo/cpu/vault.memo/v10.8ddr/v10.8ddr/v10.8ddr.srcs/sources_1/ip/ddr_axi/ddr_axi/user_design/rtl/phy/mig_7series_v2_3_ddr_phy_ocd_edge.v" into library xil_defaultlib
INFO: [VRFC 10-311] analyzing module mig_7series_v2_3_ddr_phy_ocd_edge
INFO: [VRFC 10-2263] Analyzing Verilog file "/home/leo/cpu/vault.memo/v10.8ddr/v10.8ddr/v10.8ddr.srcs/sources_1/ip/ddr_axi/ddr_axi/user_design/rtl/phy/mig_7series_v2_3_ddr_byte_group_io.v" into library xil_defaultlib
INFO: [VRFC 10-311] analyzing module mig_7series_v2_3_ddr_byte_group_io
INFO: [VRFC 10-2263] Analyzing Verilog file "/home/leo/cpu/vault.memo/v10.8ddr/v10.8ddr/v10.8ddr.srcs/sources_1/ip/ddr_axi/ddr_axi/user_design/rtl/phy/mig_7series_v2_3_ddr_mc_phy.v" into library xil_defaultlib
INFO: [VRFC 10-311] analyzing module mig_7series_v2_3_ddr_mc_phy
INFO: [VRFC 10-2263] Analyzing Verilog file "/home/leo/cpu/vault.memo/v10.8ddr/v10.8ddr/v10.8ddr.srcs/sources_1/ip/ddr_axi/ddr_axi/user_design/rtl/phy/mig_7series_v2_3_poc_top.v" into library xil_defaultlib
INFO: [VRFC 10-311] analyzing module mig_7series_v2_3_poc_top
INFO: [VRFC 10-2263] Analyzing Verilog file "/home/leo/cpu/vault.memo/v10.8ddr/v10.8ddr/v10.8ddr.srcs/sources_1/ip/ddr_axi/ddr_axi/user_design/rtl/phy/mig_7series_v2_3_poc_cc.v" into library xil_defaultlib
INFO: [VRFC 10-311] analyzing module mig_7series_v2_3_poc_cc
INFO: [VRFC 10-2263] Analyzing Verilog file "/home/leo/cpu/vault.memo/v10.8ddr/v10.8ddr/v10.8ddr.srcs/sources_1/ip/ddr_axi/ddr_axi/user_design/rtl/phy/mig_7series_v2_3_ddr_prbs_gen.v" into library xil_defaultlib
INFO: [VRFC 10-311] analyzing module mig_7series_v2_3_ddr_prbs_gen
INFO: [VRFC 10-2263] Analyzing Verilog file "/home/leo/cpu/vault.memo/v10.8ddr/v10.8ddr/v10.8ddr.srcs/sources_1/ip/ddr_axi/ddr_axi/user_design/rtl/phy/mig_7series_v2_3_ddr_phy_oclkdelay_cal.v" into library xil_defaultlib
INFO: [VRFC 10-311] analyzing module mig_7series_v2_3_ddr_phy_oclkdelay_cal
INFO: [VRFC 10-2263] Analyzing Verilog file "/home/leo/cpu/vault.memo/v10.8ddr/v10.8ddr/v10.8ddr.srcs/sources_1/ip/ddr_axi/ddr_axi/user_design/rtl/phy/mig_7series_v2_3_ddr_phy_ocd_mux.v" into library xil_defaultlib
INFO: [VRFC 10-311] analyzing module mig_7series_v2_3_ddr_phy_ocd_mux
INFO: [VRFC 10-2263] Analyzing Verilog file "/home/leo/cpu/vault.memo/v10.8ddr/v10.8ddr/v10.8ddr.srcs/sources_1/ip/ddr_axi/ddr_axi/user_design/rtl/phy/mig_7series_v2_3_ddr_phy_ocd_cntlr.v" into library xil_defaultlib
INFO: [VRFC 10-311] analyzing module mig_7series_v2_3_ddr_phy_ocd_cntlr
INFO: [VRFC 10-2263] Analyzing Verilog file "/home/leo/cpu/vault.memo/v10.8ddr/v10.8ddr/v10.8ddr.srcs/sources_1/ip/ddr_axi/ddr_axi/user_design/rtl/phy/mig_7series_v2_3_ddr_phy_dqs_found_cal_hr.v" into library xil_defaultlib
INFO: [VRFC 10-311] analyzing module mig_7series_v2_3_ddr_phy_dqs_found_cal_hr
INFO: [VRFC 10-2263] Analyzing Verilog file "/home/leo/cpu/vault.memo/v10.8ddr/v10.8ddr/v10.8ddr.srcs/sources_1/ip/ddr_axi/ddr_axi/user_design/rtl/phy/mig_7series_v2_3_ddr_phy_init.v" into library xil_defaultlib
INFO: [VRFC 10-311] analyzing module mig_7series_v2_3_ddr_phy_init
INFO: [VRFC 10-2263] Analyzing Verilog file "/home/leo/cpu/vault.memo/v10.8ddr/v10.8ddr/v10.8ddr.srcs/sources_1/ip/ddr_axi/ddr_axi/user_design/rtl/phy/mig_7series_v2_3_ddr_phy_ocd_po_cntlr.v" into library xil_defaultlib
INFO: [VRFC 10-311] analyzing module mig_7series_v2_3_ddr_phy_ocd_po_cntlr
INFO: [VRFC 10-2263] Analyzing Verilog file "/home/leo/cpu/vault.memo/v10.8ddr/v10.8ddr/v10.8ddr.srcs/sources_1/ip/ddr_axi/ddr_axi/user_design/rtl/phy/mig_7series_v2_3_poc_meta.v" into library xil_defaultlib
INFO: [VRFC 10-311] analyzing module mig_7series_v2_3_poc_meta
INFO: [VRFC 10-2263] Analyzing Verilog file "/home/leo/cpu/vault.memo/v10.8ddr/v10.8ddr/v10.8ddr.srcs/sources_1/ip/ddr_axi/ddr_axi/user_design/rtl/phy/mig_7series_v2_3_ddr_calib_top.v" into library xil_defaultlib
INFO: [VRFC 10-311] analyzing module mig_7series_v2_3_ddr_calib_top
INFO: [VRFC 10-2263] Analyzing Verilog file "/home/leo/cpu/vault.memo/v10.8ddr/v10.8ddr/v10.8ddr.srcs/sources_1/ip/ddr_axi/ddr_axi/user_design/rtl/phy/mig_7series_v2_3_ddr_mc_phy_wrapper.v" into library xil_defaultlib
INFO: [VRFC 10-311] analyzing module mig_7series_v2_3_ddr_mc_phy_wrapper
INFO: [VRFC 10-2263] Analyzing Verilog file "/home/leo/cpu/vault.memo/v10.8ddr/v10.8ddr/v10.8ddr.srcs/sources_1/ip/ddr_axi/ddr_axi/user_design/rtl/ui/mig_7series_v2_3_ui_rd_data.v" into library xil_defaultlib
INFO: [VRFC 10-311] analyzing module mig_7series_v2_3_ui_rd_data
INFO: [VRFC 10-2263] Analyzing Verilog file "/home/leo/cpu/vault.memo/v10.8ddr/v10.8ddr/v10.8ddr.srcs/sources_1/ip/ddr_axi/ddr_axi/user_design/rtl/ui/mig_7series_v2_3_ui_cmd.v" into library xil_defaultlib
INFO: [VRFC 10-311] analyzing module mig_7series_v2_3_ui_cmd
INFO: [VRFC 10-2263] Analyzing Verilog file "/home/leo/cpu/vault.memo/v10.8ddr/v10.8ddr/v10.8ddr.srcs/sources_1/ip/ddr_axi/ddr_axi/user_design/rtl/ui/mig_7series_v2_3_ui_top.v" into library xil_defaultlib
INFO: [VRFC 10-311] analyzing module mig_7series_v2_3_ui_top
INFO: [VRFC 10-2263] Analyzing Verilog file "/home/leo/cpu/vault.memo/v10.8ddr/v10.8ddr/v10.8ddr.srcs/sources_1/ip/ddr_axi/ddr_axi/user_design/rtl/ui/mig_7series_v2_3_ui_wr_data.v" into library xil_defaultlib
INFO: [VRFC 10-311] analyzing module mig_7series_v2_3_ui_wr_data
INFO: [VRFC 10-2263] Analyzing Verilog file "/home/leo/cpu/vault.memo/v10.8ddr/v10.8ddr/v10.8ddr.srcs/sources_1/ip/ddr_axi/ddr_axi/user_design/rtl/ecc/mig_7series_v2_3_ecc_buf.v" into library xil_defaultlib
INFO: [VRFC 10-311] analyzing module mig_7series_v2_3_ecc_buf
INFO: [VRFC 10-2263] Analyzing Verilog file "/home/leo/cpu/vault.memo/v10.8ddr/v10.8ddr/v10.8ddr.srcs/sources_1/ip/ddr_axi/ddr_axi/user_design/rtl/ecc/mig_7series_v2_3_fi_xor.v" into library xil_defaultlib
INFO: [VRFC 10-311] analyzing module mig_7series_v2_3_fi_xor
INFO: [VRFC 10-2263] Analyzing Verilog file "/home/leo/cpu/vault.memo/v10.8ddr/v10.8ddr/v10.8ddr.srcs/sources_1/ip/ddr_axi/ddr_axi/user_design/rtl/ecc/mig_7series_v2_3_ecc_merge_enc.v" into library xil_defaultlib
INFO: [VRFC 10-311] analyzing module mig_7series_v2_3_ecc_merge_enc
INFO: [VRFC 10-2263] Analyzing Verilog file "/home/leo/cpu/vault.memo/v10.8ddr/v10.8ddr/v10.8ddr.srcs/sources_1/ip/ddr_axi/ddr_axi/user_design/rtl/ecc/mig_7series_v2_3_ecc_dec_fix.v" into library xil_defaultlib
INFO: [VRFC 10-311] analyzing module mig_7series_v2_3_ecc_dec_fix
INFO: [VRFC 10-2263] Analyzing Verilog file "/home/leo/cpu/vault.memo/v10.8ddr/v10.8ddr/v10.8ddr.srcs/sources_1/ip/ddr_axi/ddr_axi/user_design/rtl/ecc/mig_7series_v2_3_ecc_gen.v" into library xil_defaultlib
INFO: [VRFC 10-311] analyzing module mig_7series_v2_3_ecc_gen
INFO: [VRFC 10-2263] Analyzing Verilog file "/home/leo/cpu/vault.memo/v10.8ddr/v10.8ddr/v10.8ddr.srcs/sources_1/ip/ddr_axi/ddr_axi/user_design/rtl/ddr_axi_mig_sim.v" into library xil_defaultlib
INFO: [VRFC 10-311] analyzing module ddr_axi_mig
INFO: [VRFC 10-2263] Analyzing Verilog file "/home/leo/cpu/vault.memo/v10.8ddr/v10.8ddr/v10.8ddr.srcs/sources_1/ip/ddr_axi/ddr_axi/user_design/rtl/ddr_axi.v" into library xil_defaultlib
INFO: [VRFC 10-311] analyzing module ddr_axi
INFO: [VRFC 10-2263] Analyzing Verilog file "/home/leo/cpu/svn4/trunk/xci/etherlite/blk_mem_gen_v8_2/simulation/blk_mem_gen_v8_2.v" into library blk_mem_gen_v8_2
INFO: [VRFC 10-311] analyzing module STATE_LOGIC_v8_2
INFO: [VRFC 10-311] analyzing module beh_vlog_muxf7_v8_2
INFO: [VRFC 10-311] analyzing module beh_vlog_ff_clr_v8_2
INFO: [VRFC 10-311] analyzing module beh_vlog_ff_pre_v8_2
INFO: [VRFC 10-311] analyzing module beh_vlog_ff_ce_clr_v8_2
INFO: [VRFC 10-311] analyzing module write_netlist_v8_2
INFO: [VRFC 10-311] analyzing module read_netlist_v8_2
INFO: [VRFC 10-311] analyzing module blk_mem_axi_write_wrapper_beh_v8_2
INFO: [VRFC 10-311] analyzing module blk_mem_axi_read_wrapper_beh_v8_2
INFO: [VRFC 10-311] analyzing module blk_mem_axi_regs_fwd_v8_2
INFO: [VRFC 10-311] analyzing module BLK_MEM_GEN_v8_2_output_stage
INFO: [VRFC 10-311] analyzing module BLK_MEM_GEN_v8_2_softecc_output_reg_stage
INFO: [VRFC 10-311] analyzing module BLK_MEM_GEN_v8_2_mem_module
INFO: [VRFC 10-311] analyzing module blk_mem_gen_v8_2
INFO: [VRFC 10-2263] Analyzing Verilog file "/home/leo/cpu/svn4/trunk/xci/etherlite/fifo_generator_v12_0/simulation/fifo_generator_vlog_beh.v" into library fifo_generator_v12_0
INFO: [VRFC 10-311] analyzing module fifo_generator_vlog_beh
INFO: [VRFC 10-311] analyzing module FIFO_GENERATOR_v12_0_CONV_VER
INFO: [VRFC 10-311] analyzing module fifo_generator_v12_0_sync_stage
INFO: [VRFC 10-311] analyzing module fifo_generator_v12_0_bhv_ver_as
INFO: [VRFC 10-311] analyzing module fifo_generator_v12_0_beh_ver_ll_afifo
INFO: [VRFC 10-311] analyzing module fifo_generator_v12_0_bhv_ver_ss
INFO: [VRFC 10-311] analyzing module fifo_generator_v12_0_bhv_ver_preload0
INFO: [VRFC 10-311] analyzing module fifo_generator_v12_0_axic_reg_slice
INFO: [VRFC 10-2263] Analyzing Verilog file "/home/leo/cpu/svn4/trunk/xci/etherlite/fifo_generator_v12_0/hdl/fifo_generator_v12_0_rfs.v" into library fifo_generator_v12_0
INFO: [VRFC 10-311] analyzing module fifo_generator_v12_0
INFO: [VRFC 10-2263] Analyzing Verilog file "/home/leo/cpu/svn4/trunk/xci/crossbar_128m/generic_baseblocks_v2_1/hdl/verilog/generic_baseblocks_v2_1_carry_and.v" into library generic_baseblocks_v2_1
INFO: [VRFC 10-311] analyzing module generic_baseblocks_v2_1_carry_and
INFO: [VRFC 10-2263] Analyzing Verilog file "/home/leo/cpu/svn4/trunk/xci/crossbar_128m/generic_baseblocks_v2_1/hdl/verilog/generic_baseblocks_v2_1_carry_latch_and.v" into library generic_baseblocks_v2_1
INFO: [VRFC 10-311] analyzing module generic_baseblocks_v2_1_carry_latch_and
INFO: [VRFC 10-2263] Analyzing Verilog file "/home/leo/cpu/svn4/trunk/xci/crossbar_128m/generic_baseblocks_v2_1/hdl/verilog/generic_baseblocks_v2_1_carry_latch_or.v" into library generic_baseblocks_v2_1
INFO: [VRFC 10-311] analyzing module generic_baseblocks_v2_1_carry_latch_or
INFO: [VRFC 10-2263] Analyzing Verilog file "/home/leo/cpu/svn4/trunk/xci/crossbar_128m/generic_baseblocks_v2_1/hdl/verilog/generic_baseblocks_v2_1_carry_or.v" into library generic_baseblocks_v2_1
INFO: [VRFC 10-311] analyzing module generic_baseblocks_v2_1_carry_or
INFO: [VRFC 10-2263] Analyzing Verilog file "/home/leo/cpu/svn4/trunk/xci/crossbar_128m/generic_baseblocks_v2_1/hdl/verilog/generic_baseblocks_v2_1_carry.v" into library generic_baseblocks_v2_1
INFO: [VRFC 10-311] analyzing module generic_baseblocks_v2_1_carry
INFO: [VRFC 10-2263] Analyzing Verilog file "/home/leo/cpu/svn4/trunk/xci/crossbar_128m/generic_baseblocks_v2_1/hdl/verilog/generic_baseblocks_v2_1_command_fifo.v" into library generic_baseblocks_v2_1
INFO: [VRFC 10-311] analyzing module generic_baseblocks_v2_1_command_fifo
INFO: [VRFC 10-2263] Analyzing Verilog file "/home/leo/cpu/svn4/trunk/xci/crossbar_128m/generic_baseblocks_v2_1/hdl/verilog/generic_baseblocks_v2_1_comparator_mask_static.v" into library generic_baseblocks_v2_1
INFO: [VRFC 10-311] analyzing module generic_baseblocks_v2_1_comparator_mask_static
INFO: [VRFC 10-2263] Analyzing Verilog file "/home/leo/cpu/svn4/trunk/xci/crossbar_128m/generic_baseblocks_v2_1/hdl/verilog/generic_baseblocks_v2_1_comparator_mask.v" into library generic_baseblocks_v2_1
INFO: [VRFC 10-311] analyzing module generic_baseblocks_v2_1_comparator_mask
INFO: [VRFC 10-2263] Analyzing Verilog file "/home/leo/cpu/svn4/trunk/xci/crossbar_128m/generic_baseblocks_v2_1/hdl/verilog/generic_baseblocks_v2_1_comparator_sel_mask_static.v" into library generic_baseblocks_v2_1
INFO: [VRFC 10-311] analyzing module generic_baseblocks_v2_1_comparator_sel_mask_static
INFO: [VRFC 10-2263] Analyzing Verilog file "/home/leo/cpu/svn4/trunk/xci/crossbar_128m/generic_baseblocks_v2_1/hdl/verilog/generic_baseblocks_v2_1_comparator_sel_mask.v" into library generic_baseblocks_v2_1
INFO: [VRFC 10-311] analyzing module generic_baseblocks_v2_1_comparator_sel_mask
INFO: [VRFC 10-2263] Analyzing Verilog file "/home/leo/cpu/svn4/trunk/xci/crossbar_128m/generic_baseblocks_v2_1/hdl/verilog/generic_baseblocks_v2_1_comparator_sel_static.v" into library generic_baseblocks_v2_1
INFO: [VRFC 10-311] analyzing module generic_baseblocks_v2_1_comparator_sel_static
INFO: [VRFC 10-2263] Analyzing Verilog file "/home/leo/cpu/svn4/trunk/xci/crossbar_128m/generic_baseblocks_v2_1/hdl/verilog/generic_baseblocks_v2_1_comparator_sel.v" into library generic_baseblocks_v2_1
INFO: [VRFC 10-311] analyzing module generic_baseblocks_v2_1_comparator_sel
INFO: [VRFC 10-2263] Analyzing Verilog file "/home/leo/cpu/svn4/trunk/xci/crossbar_128m/generic_baseblocks_v2_1/hdl/verilog/generic_baseblocks_v2_1_comparator_static.v" into library generic_baseblocks_v2_1
INFO: [VRFC 10-311] analyzing module generic_baseblocks_v2_1_comparator_static
INFO: [VRFC 10-2263] Analyzing Verilog file "/home/leo/cpu/svn4/trunk/xci/crossbar_128m/generic_baseblocks_v2_1/hdl/verilog/generic_baseblocks_v2_1_comparator.v" into library generic_baseblocks_v2_1
INFO: [VRFC 10-311] analyzing module generic_baseblocks_v2_1_comparator
INFO: [VRFC 10-2263] Analyzing Verilog file "/home/leo/cpu/svn4/trunk/xci/crossbar_128m/generic_baseblocks_v2_1/hdl/verilog/generic_baseblocks_v2_1_mux_enc.v" into library generic_baseblocks_v2_1
INFO: [VRFC 10-311] analyzing module generic_baseblocks_v2_1_mux_enc
INFO: [VRFC 10-2263] Analyzing Verilog file "/home/leo/cpu/svn4/trunk/xci/crossbar_128m/generic_baseblocks_v2_1/hdl/verilog/generic_baseblocks_v2_1_mux.v" into library generic_baseblocks_v2_1
INFO: [VRFC 10-311] analyzing module generic_baseblocks_v2_1_mux
INFO: [VRFC 10-2263] Analyzing Verilog file "/home/leo/cpu/svn4/trunk/xci/crossbar_128m/generic_baseblocks_v2_1/hdl/verilog/generic_baseblocks_v2_1_nto1_mux.v" into library generic_baseblocks_v2_1
INFO: [VRFC 10-311] analyzing module generic_baseblocks_v2_1_nto1_mux
INFO: [VRFC 10-2263] Analyzing Verilog file "/home/leo/cpu/svn4/trunk/xci/crossbar_128m/axi_infrastructure_v1_1/hdl/verilog/axi_infrastructure_v1_1_axi2vector.v" into library axi_infrastructure_v1_1
INFO: [VRFC 10-311] analyzing module axi_infrastructure_v1_1_axi2vector
INFO: [VRFC 10-2263] Analyzing Verilog file "/home/leo/cpu/svn4/trunk/xci/crossbar_128m/axi_infrastructure_v1_1/hdl/verilog/axi_infrastructure_v1_1_axic_srl_fifo.v" into library axi_infrastructure_v1_1
INFO: [VRFC 10-311] analyzing module axi_infrastructure_v1_1_axic_srl_fifo
INFO: [VRFC 10-2263] Analyzing Verilog file "/home/leo/cpu/svn4/trunk/xci/crossbar_128m/axi_infrastructure_v1_1/hdl/verilog/axi_infrastructure_v1_1_vector2axi.v" into library axi_infrastructure_v1_1
INFO: [VRFC 10-311] analyzing module axi_infrastructure_v1_1_vector2axi
INFO: [VRFC 10-2263] Analyzing Verilog file "/home/leo/cpu/svn4/trunk/xci/crossbar_128m/axi_register_slice_v2_1/hdl/verilog/axi_register_slice_v2_1_axic_register_slice.v" into library axi_register_slice_v2_1
INFO: [VRFC 10-311] analyzing module axi_register_slice_v2_1_axic_register_slice
INFO: [VRFC 10-2263] Analyzing Verilog file "/home/leo/cpu/svn4/trunk/xci/crossbar_128m/axi_register_slice_v2_1/hdl/verilog/axi_register_slice_v2_1_axi_register_slice.v" into library axi_register_slice_v2_1
INFO: [VRFC 10-311] analyzing module axi_register_slice_v2_1_axi_register_slice
INFO: [VRFC 10-2263] Analyzing Verilog file "/home/leo/cpu/svn4/trunk/xci/crossbar_128m/axi_data_fifo_v2_1/hdl/verilog/axi_data_fifo_v2_1_axic_fifo.v" into library axi_data_fifo_v2_1
INFO: [VRFC 10-311] analyzing module axi_data_fifo_v2_1_axic_fifo
INFO: [VRFC 10-2263] Analyzing Verilog file "/home/leo/cpu/svn4/trunk/xci/crossbar_128m/axi_data_fifo_v2_1/hdl/verilog/axi_data_fifo_v2_1_fifo_gen.v" into library axi_data_fifo_v2_1
INFO: [VRFC 10-311] analyzing module axi_data_fifo_v2_1_fifo_gen
INFO: [VRFC 10-2263] Analyzing Verilog file "/home/leo/cpu/svn4/trunk/xci/crossbar_128m/axi_data_fifo_v2_1/hdl/verilog/axi_data_fifo_v2_1_axic_srl_fifo.v" into library axi_data_fifo_v2_1
INFO: [VRFC 10-311] analyzing module axi_data_fifo_v2_1_axic_srl_fifo
INFO: [VRFC 10-2263] Analyzing Verilog file "/home/leo/cpu/svn4/trunk/xci/crossbar_128m/axi_data_fifo_v2_1/hdl/verilog/axi_data_fifo_v2_1_axic_reg_srl_fifo.v" into library axi_data_fifo_v2_1
INFO: [VRFC 10-311] analyzing module axi_data_fifo_v2_1_axic_reg_srl_fifo
INFO: [VRFC 10-2263] Analyzing Verilog file "/home/leo/cpu/svn4/trunk/xci/crossbar_128m/axi_data_fifo_v2_1/hdl/verilog/axi_data_fifo_v2_1_ndeep_srl.v" into library axi_data_fifo_v2_1
INFO: [VRFC 10-311] analyzing module axi_data_fifo_v2_1_ndeep_srl
INFO: [VRFC 10-2263] Analyzing Verilog file "/home/leo/cpu/svn4/trunk/xci/crossbar_128m/axi_data_fifo_v2_1/hdl/verilog/axi_data_fifo_v2_1_axi_data_fifo.v" into library axi_data_fifo_v2_1
INFO: [VRFC 10-311] analyzing module axi_data_fifo_v2_1_axi_data_fifo
INFO: [VRFC 10-2263] Analyzing Verilog file "/home/leo/cpu/svn4/trunk/xci/crossbar_128m/axi_crossbar_v2_1/hdl/verilog/axi_crossbar_v2_1_addr_arbiter_sasd.v" into library axi_crossbar_v2_1
INFO: [VRFC 10-311] analyzing module axi_crossbar_v2_1_addr_arbiter_sasd
INFO: [VRFC 10-2263] Analyzing Verilog file "/home/leo/cpu/svn4/trunk/xci/crossbar_128m/axi_crossbar_v2_1/hdl/verilog/axi_crossbar_v2_1_addr_arbiter.v" into library axi_crossbar_v2_1
INFO: [VRFC 10-311] analyzing module axi_crossbar_v2_1_addr_arbiter
INFO: [VRFC 10-2263] Analyzing Verilog file "/home/leo/cpu/svn4/trunk/xci/crossbar_128m/axi_crossbar_v2_1/hdl/verilog/axi_crossbar_v2_1_addr_decoder.v" into library axi_crossbar_v2_1
INFO: [VRFC 10-311] analyzing module axi_crossbar_v2_1_addr_decoder
INFO: [VRFC 10-2263] Analyzing Verilog file "/home/leo/cpu/svn4/trunk/xci/crossbar_128m/axi_crossbar_v2_1/hdl/verilog/axi_crossbar_v2_1_arbiter_resp.v" into library axi_crossbar_v2_1
INFO: [VRFC 10-311] analyzing module axi_crossbar_v2_1_arbiter_resp
INFO: [VRFC 10-2263] Analyzing Verilog file "/home/leo/cpu/svn4/trunk/xci/crossbar_128m/axi_crossbar_v2_1/hdl/verilog/axi_crossbar_v2_1_crossbar_sasd.v" into library axi_crossbar_v2_1
INFO: [VRFC 10-311] analyzing module axi_crossbar_v2_1_crossbar_sasd
INFO: [VRFC 10-2263] Analyzing Verilog file "/home/leo/cpu/svn4/trunk/xci/crossbar_128m/axi_crossbar_v2_1/hdl/verilog/axi_crossbar_v2_1_crossbar.v" into library axi_crossbar_v2_1
INFO: [VRFC 10-311] analyzing module axi_crossbar_v2_1_crossbar
INFO: [VRFC 10-2263] Analyzing Verilog file "/home/leo/cpu/svn4/trunk/xci/crossbar_128m/axi_crossbar_v2_1/hdl/verilog/axi_crossbar_v2_1_decerr_slave.v" into library axi_crossbar_v2_1
INFO: [VRFC 10-311] analyzing module axi_crossbar_v2_1_decerr_slave
INFO: [VRFC 10-2263] Analyzing Verilog file "/home/leo/cpu/svn4/trunk/xci/crossbar_128m/axi_crossbar_v2_1/hdl/verilog/axi_crossbar_v2_1_si_transactor.v" into library axi_crossbar_v2_1
INFO: [VRFC 10-311] analyzing module axi_crossbar_v2_1_si_transactor
INFO: [VRFC 10-2263] Analyzing Verilog file "/home/leo/cpu/svn4/trunk/xci/crossbar_128m/axi_crossbar_v2_1/hdl/verilog/axi_crossbar_v2_1_splitter.v" into library axi_crossbar_v2_1
INFO: [VRFC 10-311] analyzing module axi_crossbar_v2_1_splitter
INFO: [VRFC 10-2263] Analyzing Verilog file "/home/leo/cpu/svn4/trunk/xci/crossbar_128m/axi_crossbar_v2_1/hdl/verilog/axi_crossbar_v2_1_wdata_mux.v" into library axi_crossbar_v2_1
INFO: [VRFC 10-311] analyzing module axi_crossbar_v2_1_wdata_mux
INFO: [VRFC 10-2263] Analyzing Verilog file "/home/leo/cpu/svn4/trunk/xci/crossbar_128m/axi_crossbar_v2_1/hdl/verilog/axi_crossbar_v2_1_wdata_router.v" into library axi_crossbar_v2_1
INFO: [VRFC 10-311] analyzing module axi_crossbar_v2_1_wdata_router
INFO: [VRFC 10-2263] Analyzing Verilog file "/home/leo/cpu/svn4/trunk/xci/crossbar_128m/axi_crossbar_v2_1/hdl/verilog/axi_crossbar_v2_1_axi_crossbar.v" into library axi_crossbar_v2_1
INFO: [VRFC 10-311] analyzing module axi_crossbar_v2_1_axi_crossbar
INFO: [VRFC 10-2263] Analyzing Verilog file "/home/leo/cpu/svn4/trunk/xci/crossbar_128m/sim/axi_crossbar_0.v" into library xil_defaultlib
INFO: [VRFC 10-311] analyzing module axi_crossbar_0
INFO: [VRFC 10-2263] Analyzing Verilog file "/home/leo/cpu/vault.memo/v10.8ddr/clk_wiz_0.v" into library xil_defaultlib
INFO: [VRFC 10-311] analyzing module clk_wiz_0
INFO: [VRFC 10-2263] Analyzing Verilog file "/home/leo/cpu/vault.memo/v10.8ddr/v586.v" into library xil_defaultlib
INFO: [VRFC 10-311] analyzing module v586
INFO: [VRFC 10-2263] Analyzing Verilog file "/home/leo/cpu/vault.memo/v10.8ddr/axi_rom.v" into library xil_defaultlib
INFO: [VRFC 10-311] analyzing module axi_rom
INFO: [VRFC 10-2263] Analyzing Verilog file "/home/leo/cpu/vault.memo/v10.8ddr/periph.v" into library xil_defaultlib
INFO: [VRFC 10-311] analyzing module periph
INFO: [VRFC 10-2263] Analyzing Verilog file "/home/leo/cpu/vault.memo/v10.8ddr/rstgen.V" into library xil_defaultlib
INFO: [VRFC 10-311] analyzing module RSTGEN
INFO: [VRFC 10-2263] Analyzing Verilog file "/home/leo/cpu/vault.memo/v10.8ddr/TOP_SYS.v" into library xil_defaultlib
INFO: [VRFC 10-311] analyzing module TOP_SYS
INFO: [VRFC 10-2263] Analyzing Verilog file "/home/leo/cpu/vault.memo/v10.8ddr/ddr2.v" into library xil_defaultlib
INFO: [VRFC 10-311] analyzing module ddr2
INFO: [VRFC 10-2263] Analyzing Verilog file "/home/leo/cpu/vault.memo/v10.8ddr/tb_top.v" into library xil_defaultlib
INFO: [VRFC 10-311] analyzing module tb_top
INFO: [VRFC 10-2263] Analyzing Verilog file "/home/leo/cpu/vault.memo/v10.8ddr/v10.8ddr/v10.8ddr.sim/sim_1/behav/glbl.v" into library xil_defaultlib
INFO: [VRFC 10-311] analyzing module glbl
